2026-04-16 14:45:16.515 [main] INFO  com.equity.MainApiApplication - Starting MainApiApplication v1.0.0 using Java 22.0.1 with PID 5499 (/Users/bhavyasharma/Desktop/EqutiyWatchListTracker/main-api-service/target/main-api-service-1.0.0.jar started by bhavyasharma in /Users/bhavyasharma/Desktop/EqutiyWatchListTracker/main-api-service)
2026-04-16 14:45:16.519 [main] INFO  com.equity.MainApiApplication - No active profile set, falling back to 1 default profile: "default"
2026-04-16 14:45:18.461 [main] WARN  org.hibernate.engine.jdbc.spi.SqlExceptionHelper - SQL Warning Code: 0, SQLState: 00000
2026-04-16 14:45:18.461 [main] WARN  org.hibernate.engine.jdbc.spi.SqlExceptionHelper - constraint "uk1ukctmcdaly8sv5jbg0kbrhh9" of relation "user_watchlists" does not exist, skipping
2026-04-16 14:45:18.463 [main] WARN  org.hibernate.engine.jdbc.spi.SqlExceptionHelper - SQL Warning Code: 0, SQLState: 00000
2026-04-16 14:45:18.463 [main] WARN  org.hibernate.engine.jdbc.spi.SqlExceptionHelper - constraint "uk9g8sf9qd899a6u7ug5rbx2ot3" of relation "watchlist" does not exist, skipping
2026-04-16 14:45:18.982 [main] WARN  org.springframework.boot.autoconfigure.security.servlet.UserDetailsServiceAutoConfiguration - 

Using generated security password: 17518f6d-fd9b-4236-9815-48ea8ca3bb12

This generated password is for development use only. Your security configuration must be updated before running your application in production.

2026-04-16 14:45:19.253 [main] INFO  com.equity.MainApiApplication - Started MainApiApplication in 2.95 seconds (process running for 3.587)
2026-04-16 14:45:19.255 [main] INFO  com.equity.MainApiApplication - main-api-service is READY — user-service + auth-service + watchlist-service running on port 8080
2026-04-16 14:45:45.979 [http-nio-8080-exec-4] INFO  com.equity.watchlist.controller.CompanyController - GET /api/v1/company/list — fetching active company list
2026-04-16 14:46:26.654 [http-nio-8080-exec-8] INFO  com.equity.watchlist.controller.ProxyController - Proxying auth request: POST /api/auth/signup
2026-04-16 14:46:27.144 [http-nio-8080-exec-10] INFO  com.equity.user.service.UserService - Registered new user: id=1, username=bhavyasharma
2026-04-16 14:46:27.169 [http-nio-8080-exec-9] INFO  com.equity.auth.client.UserServiceClient - User created via user-service: username=bhavyasharma
2026-04-16 14:46:27.169 [http-nio-8080-exec-9] INFO  com.equity.auth.service.AuthService - Signup successful for username=bhavyasharma
2026-04-16 14:46:37.032 [http-nio-8080-exec-1] INFO  com.equity.watchlist.controller.ProxyController - Proxying auth request: POST /api/auth/login
2026-04-16 14:46:37.448 [http-nio-8080-exec-3] INFO  com.equity.auth.service.AuthService - Login successful: userId=1, username=bhavyasharma
2026-04-16 14:46:37.510 [http-nio-8080-exec-5] INFO  com.equity.watchlist.controller.WatchlistController - GET /api/v1/watchlist — fetching all entries for userId=1, watchlistId=null
2026-04-16 14:46:37.525 [http-nio-8080-exec-5] INFO  com.equity.watchlist.service.WatchlistService - No watchlist found for userId=1 — creating default
2026-04-16 14:46:41.401 [http-nio-8080-exec-6] INFO  com.equity.watchlist.controller.ProxyController - Proxying news request: GET /api/news
2026-04-16 14:46:41.402 [http-nio-8080-exec-7] INFO  com.equity.watchlist.controller.ProxyController - Proxying news request: GET /api/news
2026-04-16 14:46:41.405 [http-nio-8080-exec-4] INFO  com.equity.watchlist.controller.ProxyController - Proxying news request: GET /api/news
2026-04-16 14:46:41.405 [http-nio-8080-exec-10] INFO  com.equity.watchlist.controller.ProxyController - Proxying news request: GET /api/news
2026-04-16 14:46:41.408 [http-nio-8080-exec-8] INFO  com.equity.watchlist.controller.ProxyController - Proxying news request: GET /api/news
2026-04-16 14:46:41.411 [http-nio-8080-exec-9] INFO  com.equity.watchlist.controller.ProxyController - Proxying news request: GET /api/news
2026-04-16 14:46:41.633 [http-nio-8080-exec-4] INFO  com.equity.watchlist.controller.ProxyController - Proxying news request: GET /api/news
2026-04-16 14:46:47.021 [http-nio-8080-exec-1] INFO  com.equity.watchlist.controller.ProxyController - Proxying news request: GET /api/news
2026-04-16 14:46:47.022 [http-nio-8080-exec-6] INFO  com.equity.watchlist.controller.ProxyController - Proxying news request: GET /api/news
2026-04-16 14:46:47.023 [http-nio-8080-exec-3] INFO  com.equity.watchlist.controller.ProxyController - Proxying news request: GET /api/news
2026-04-16 14:46:47.022 [http-nio-8080-exec-5] INFO  com.equity.watchlist.controller.ProxyController - Proxying news request: GET /api/news
2026-04-16 14:46:47.025 [http-nio-8080-exec-7] INFO  com.equity.watchlist.controller.ProxyController - Proxying news request: GET /api/news
2026-04-16 14:46:47.029 [http-nio-8080-exec-9] INFO  com.equity.watchlist.controller.ProxyController - Proxying news request: GET /api/news
2026-04-16 14:46:47.046 [http-nio-8080-exec-6] INFO  com.equity.watchlist.controller.ProxyController - Proxying news request: GET /api/news
2026-04-16 14:46:48.088 [http-nio-8080-exec-4] INFO  com.equity.watchlist.controller.ProxyController - Proxying news request: GET /api/news
2026-04-16 14:46:48.089 [http-nio-8080-exec-10] INFO  com.equity.watchlist.controller.ProxyController - Proxying news request: GET /api/news
2026-04-16 14:46:48.088 [http-nio-8080-exec-8] INFO  com.equity.watchlist.controller.ProxyController - Proxying news request: GET /api/news
2026-04-16 14:46:48.091 [http-nio-8080-exec-3] INFO  com.equity.watchlist.controller.ProxyController - Proxying news request: GET /api/news
2026-04-16 14:46:48.092 [http-nio-8080-exec-2] INFO  com.equity.watchlist.controller.ProxyController - Proxying news request: GET /api/news
2026-04-16 14:46:48.094 [http-nio-8080-exec-1] INFO  com.equity.watchlist.controller.ProxyController - Proxying news request: GET /api/news
2026-04-16 14:46:48.110 [http-nio-8080-exec-10] INFO  com.equity.watchlist.controller.ProxyController - Proxying news request: GET /api/news
2026-04-16 14:46:48.270 [http-nio-8080-exec-9] INFO  com.equity.watchlist.controller.ProxyController - Proxying news request: GET /api/news
2026-04-16 14:46:48.270 [http-nio-8080-exec-6] INFO  com.equity.watchlist.controller.ProxyController - Proxying news request: GET /api/news
2026-04-16 14:46:48.270 [http-nio-8080-exec-8] INFO  com.equity.watchlist.controller.ProxyController - Proxying news request: GET /api/news
2026-04-16 14:46:48.270 [http-nio-8080-exec-3] INFO  com.equity.watchlist.controller.ProxyController - Proxying news request: GET /api/news
2026-04-16 14:46:48.270 [http-nio-8080-exec-7] INFO  com.equity.watchlist.controller.ProxyController - Proxying news request: GET /api/news
2026-04-16 14:46:48.271 [http-nio-8080-exec-4] INFO  com.equity.watchlist.controller.ProxyController - Proxying news request: GET /api/news
2026-04-16 14:46:48.283 [http-nio-8080-exec-5] INFO  com.equity.watchlist.controller.ProxyController - Proxying news request: GET /api/news
2026-04-16 14:46:48.500 [http-nio-8080-exec-1] INFO  com.equity.watchlist.controller.ProxyController - Proxying news request: GET /api/news
2026-04-16 14:46:48.500 [http-nio-8080-exec-10] INFO  com.equity.watchlist.controller.ProxyController - Proxying news request: GET /api/news
2026-04-16 14:46:48.503 [http-nio-8080-exec-2] INFO  com.equity.watchlist.controller.ProxyController - Proxying news request: GET /api/news
2026-04-16 14:46:48.503 [http-nio-8080-exec-9] INFO  com.equity.watchlist.controller.ProxyController - Proxying news request: GET /api/news
2026-04-16 14:46:48.504 [http-nio-8080-exec-3] INFO  com.equity.watchlist.controller.ProxyController - Proxying news request: GET /api/news
2026-04-16 14:46:48.504 [http-nio-8080-exec-6] INFO  com.equity.watchlist.controller.ProxyController - Proxying news request: GET /api/news
2026-04-16 14:46:48.515 [http-nio-8080-exec-1] INFO  com.equity.watchlist.controller.ProxyController - Proxying news request: GET /api/news
2026-04-16 14:46:48.733 [http-nio-8080-exec-4] INFO  com.equity.watchlist.controller.ProxyController - Proxying news request: GET /api/news
2026-04-16 14:46:48.734 [http-nio-8080-exec-7] INFO  com.equity.watchlist.controller.ProxyController - Proxying news request: GET /api/news
2026-04-16 14:46:48.734 [http-nio-8080-exec-5] INFO  com.equity.watchlist.controller.ProxyController - Proxying news request: GET /api/news
2026-04-16 14:46:48.733 [http-nio-8080-exec-8] INFO  com.equity.watchlist.controller.ProxyController - Proxying news request: GET /api/news
2026-04-16 14:46:48.737 [http-nio-8080-exec-2] INFO  com.equity.watchlist.controller.ProxyController - Proxying news request: GET /api/news
2026-04-16 14:46:48.738 [http-nio-8080-exec-10] INFO  com.equity.watchlist.controller.ProxyController - Proxying news request: GET /api/news
2026-04-16 14:46:48.751 [http-nio-8080-exec-4] INFO  com.equity.watchlist.controller.ProxyController - Proxying news request: GET /api/news
2026-04-16 14:46:50.414 [http-nio-8080-exec-3] INFO  com.equity.watchlist.controller.ProxyController - Proxying news request: GET /api/news
2026-04-16 14:46:53.015 [http-nio-8080-exec-7] INFO  com.equity.watchlist.controller.ProxyController - Proxying news request: GET /api/news
2026-04-16 14:46:53.015 [http-nio-8080-exec-1] INFO  com.equity.watchlist.controller.ProxyController - Proxying news request: GET /api/news
2026-04-16 14:46:53.015 [http-nio-8080-exec-5] INFO  com.equity.watchlist.controller.ProxyController - Proxying news request: GET /api/news
2026-04-16 14:46:53.015 [http-nio-8080-exec-6] INFO  com.equity.watchlist.controller.ProxyController - Proxying news request: GET /api/news
2026-04-16 14:46:56.944 [http-nio-8080-exec-2] INFO  com.equity.watchlist.controller.ProxyController - Proxying news request: GET /api/news
2026-04-16 14:46:56.945 [http-nio-8080-exec-8] INFO  com.equity.watchlist.controller.ProxyController - Proxying news request: GET /api/news
2026-04-16 14:46:56.944 [http-nio-8080-exec-10] INFO  com.equity.watchlist.controller.ProxyController - Proxying news request: GET /api/news
2026-04-16 14:46:56.944 [http-nio-8080-exec-9] INFO  com.equity.watchlist.controller.ProxyController - Proxying news request: GET /api/news
2026-04-16 14:46:56.946 [http-nio-8080-exec-4] INFO  com.equity.watchlist.controller.ProxyController - Proxying news request: GET /api/news
2026-04-16 14:46:56.949 [http-nio-8080-exec-3] INFO  com.equity.watchlist.controller.ProxyController - Proxying news request: GET /api/news
2026-04-16 14:46:56.961 [http-nio-8080-exec-6] INFO  com.equity.watchlist.controller.ProxyController - Proxying news request: GET /api/news
2026-04-16 14:46:56.961 [http-nio-8080-exec-1] INFO  com.equity.watchlist.controller.ProxyController - Proxying news request: GET /api/news
2026-04-16 14:46:56.961 [http-nio-8080-exec-5] INFO  com.equity.watchlist.controller.ProxyController - Proxying news request: GET /api/news
2026-04-16 14:46:56.962 [http-nio-8080-exec-8] INFO  com.equity.watchlist.controller.ProxyController - Proxying news request: GET /api/news
2026-04-16 14:46:56.974 [http-nio-8080-exec-2] INFO  com.equity.watchlist.controller.ProxyController - Proxying news request: GET /api/news
2026-04-16 14:46:56.974 [http-nio-8080-exec-7] INFO  com.equity.watchlist.controller.ProxyController - Proxying news request: GET /api/news
2026-04-16 14:46:56.974 [http-nio-8080-exec-10] INFO  com.equity.watchlist.controller.ProxyController - Proxying news request: GET /api/news
2026-04-16 14:46:56.974 [http-nio-8080-exec-9] INFO  com.equity.watchlist.controller.ProxyController - Proxying news request: GET /api/news
2026-04-16 14:46:56.982 [http-nio-8080-exec-3] INFO  com.equity.watchlist.controller.ProxyController - Proxying news request: GET /api/news
2026-04-16 14:46:56.982 [http-nio-8080-exec-1] INFO  com.equity.watchlist.controller.ProxyController - Proxying news request: GET /api/news
2026-04-16 14:46:56.990 [http-nio-8080-exec-7] INFO  com.equity.watchlist.controller.ProxyController - Proxying news request: GET /api/news
2026-04-16 14:46:56.990 [http-nio-8080-exec-2] INFO  com.equity.watchlist.controller.ProxyController - Proxying news request: GET /api/news
2026-04-16 14:46:56.991 [http-nio-8080-exec-6] INFO  com.equity.watchlist.controller.ProxyController - Proxying news request: GET /api/news
2026-04-16 14:47:12.093 [http-nio-8080-exec-9] INFO  com.equity.watchlist.controller.ProxyController - Proxying news request: GET /api/news
2026-04-16 14:47:12.093 [http-nio-8080-exec-10] INFO  com.equity.watchlist.controller.ProxyController - Proxying news request: GET /api/news
2026-04-16 14:47:12.093 [http-nio-8080-exec-8] INFO  com.equity.watchlist.controller.ProxyController - Proxying news request: GET /api/news
2026-04-16 14:47:12.094 [http-nio-8080-exec-4] INFO  com.equity.watchlist.controller.ProxyController - Proxying news request: GET /api/news
2026-04-16 14:47:12.094 [http-nio-8080-exec-5] INFO  com.equity.watchlist.controller.ProxyController - Proxying news request: GET /api/news
2026-04-16 14:47:12.095 [http-nio-8080-exec-3] INFO  com.equity.watchlist.controller.ProxyController - Proxying news request: GET /api/news
2026-04-16 14:47:12.110 [http-nio-8080-exec-8] INFO  com.equity.watchlist.controller.ProxyController - Proxying news request: GET /api/news
2026-04-16 14:47:12.112 [http-nio-8080-exec-5] INFO  com.equity.watchlist.controller.ProxyController - Proxying news request: GET /api/news
2026-04-16 14:47:12.112 [http-nio-8080-exec-7] INFO  com.equity.watchlist.controller.ProxyController - Proxying news request: GET /api/news
2026-04-16 14:47:12.113 [http-nio-8080-exec-4] INFO  com.equity.watchlist.controller.ProxyController - Proxying news request: GET /api/news
2026-04-16 14:47:12.113 [http-nio-8080-exec-1] INFO  com.equity.watchlist.controller.ProxyController - Proxying news request: GET /api/news
2026-04-16 14:47:12.113 [http-nio-8080-exec-6] INFO  com.equity.watchlist.controller.ProxyController - Proxying news request: GET /api/news
2026-04-16 14:47:12.128 [http-nio-8080-exec-5] INFO  com.equity.watchlist.controller.ProxyController - Proxying news request: GET /api/news
2026-04-16 14:47:12.129 [http-nio-8080-exec-9] INFO  com.equity.watchlist.controller.ProxyController - Proxying news request: GET /api/news
2026-04-16 14:47:12.133 [http-nio-8080-exec-10] INFO  com.equity.watchlist.controller.ProxyController - Proxying news request: GET /api/news
2026-04-16 14:47:12.135 [http-nio-8080-exec-8] INFO  com.equity.watchlist.controller.ProxyController - Proxying news request: GET /api/news
2026-04-16 14:47:12.135 [http-nio-8080-exec-2] INFO  com.equity.watchlist.controller.ProxyController - Proxying news request: GET /api/news
2026-04-16 14:48:34.766 [http-nio-8080-exec-8] INFO  com.equity.watchlist.controller.ProxyController - Proxying news request: GET /api/news
2026-04-16 14:48:34.767 [http-nio-8080-exec-2] INFO  com.equity.watchlist.controller.ProxyController - Proxying events request: GET /api/events
2026-04-16 14:48:39.433 [http-nio-8080-exec-3] INFO  com.equity.watchlist.controller.ProxyController - Proxying news request: GET /api/news
2026-04-16 14:48:39.433 [http-nio-8080-exec-4] INFO  com.equity.watchlist.controller.ProxyController - Proxying events request: GET /api/events
2026-04-16 14:48:41.281 [http-nio-8080-exec-6] INFO  com.equity.watchlist.controller.ProxyController - Proxying news request: GET /api/news
2026-04-16 14:48:41.281 [http-nio-8080-exec-7] INFO  com.equity.watchlist.controller.ProxyController - Proxying events request: GET /api/events
2026-04-16 14:48:42.664 [http-nio-8080-exec-5] INFO  com.equity.watchlist.controller.ProxyController - Proxying news request: GET /api/news
2026-04-16 14:48:42.665 [http-nio-8080-exec-10] INFO  com.equity.watchlist.controller.ProxyController - Proxying events request: GET /api/events
2026-04-16 14:48:45.882 [http-nio-8080-exec-1] INFO  com.equity.watchlist.controller.ProxyController - Proxying news request: GET /api/news
2026-04-16 14:48:45.882 [http-nio-8080-exec-9] INFO  com.equity.watchlist.controller.ProxyController - Proxying events request: GET /api/events
2026-04-16 14:48:46.683 [http-nio-8080-exec-2] INFO  com.equity.watchlist.controller.ProxyController - Proxying events request: GET /api/events
2026-04-16 14:48:46.683 [http-nio-8080-exec-8] INFO  com.equity.watchlist.controller.ProxyController - Proxying news request: GET /api/news
2026-04-16 14:48:47.413 [http-nio-8080-exec-4] INFO  com.equity.watchlist.controller.ProxyController - Proxying news request: GET /api/news
2026-04-16 14:48:47.413 [http-nio-8080-exec-3] INFO  com.equity.watchlist.controller.ProxyController - Proxying events request: GET /api/events
2026-04-16 14:48:51.099 [http-nio-8080-exec-7] INFO  com.equity.watchlist.controller.ProxyController - Proxying events request: GET /api/events
2026-04-16 14:48:51.099 [http-nio-8080-exec-6] INFO  com.equity.watchlist.controller.ProxyController - Proxying news request: GET /api/news
2026-04-16 14:48:52.481 [http-nio-8080-exec-5] INFO  com.equity.watchlist.controller.ProxyController - Proxying news request: GET /api/news
2026-04-16 14:48:52.481 [http-nio-8080-exec-10] INFO  com.equity.watchlist.controller.ProxyController - Proxying events request: GET /api/events
2026-04-16 14:48:53.798 [http-nio-8080-exec-1] INFO  com.equity.watchlist.controller.ProxyController - Proxying news request: GET /api/news
2026-04-16 14:48:53.798 [http-nio-8080-exec-9] INFO  com.equity.watchlist.controller.ProxyController - Proxying events request: GET /api/events
2026-04-16 14:48:57.701 [http-nio-8080-exec-2] INFO  com.equity.watchlist.controller.ProxyController - Proxying events request: GET /api/events
2026-04-16 14:48:57.701 [http-nio-8080-exec-8] INFO  com.equity.watchlist.controller.ProxyController - Proxying news request: GET /api/news
2026-04-16 14:49:00.046 [http-nio-8080-exec-4] INFO  com.equity.watchlist.controller.ProxyController - Proxying news request: GET /api/news
2026-04-16 14:49:00.046 [http-nio-8080-exec-3] INFO  com.equity.watchlist.controller.ProxyController - Proxying events request: GET /api/events
2026-04-16 14:49:03.046 [http-nio-8080-exec-7] INFO  com.equity.watchlist.controller.ProxyController - Proxying events request: GET /api/events
2026-04-16 14:49:03.046 [http-nio-8080-exec-6] INFO  com.equity.watchlist.controller.ProxyController - Proxying news request: GET /api/news
2026-04-16 14:49:06.848 [http-nio-8080-exec-5] INFO  com.equity.watchlist.controller.ProxyController - Proxying news request: GET /api/news
2026-04-16 14:49:06.848 [http-nio-8080-exec-10] INFO  com.equity.watchlist.controller.ProxyController - Proxying events request: GET /api/events
2026-04-16 14:49:09.631 [http-nio-8080-exec-1] INFO  com.equity.watchlist.controller.ProxyController - Proxying news request: GET /api/news
2026-04-16 14:49:09.631 [http-nio-8080-exec-9] INFO  com.equity.watchlist.controller.ProxyController - Proxying events request: GET /api/events
2026-04-16 14:49:12.197 [http-nio-8080-exec-8] INFO  com.equity.watchlist.controller.ProxyController - Proxying fast-movers request: GET /api/fast-movers
2026-04-16 14:49:18.071 [http-nio-8080-exec-2] INFO  com.equity.watchlist.controller.ProxyController - Proxying fast-movers request: GET /api/fast-movers
2026-04-16 14:49:20.032 [http-nio-8080-exec-4] INFO  com.equity.watchlist.controller.ProxyController - Proxying fast-movers request: GET /api/fast-movers
2026-04-16 14:49:21.531 [http-nio-8080-exec-3] INFO  com.equity.watchlist.controller.ProxyController - Proxying fast-movers request: GET /api/fast-movers
2026-04-16 14:49:30.282 [http-nio-8080-exec-7] INFO  com.equity.watchlist.controller.ProxyController - Proxying events request: GET /api/events
2026-04-16 14:49:30.282 [http-nio-8080-exec-6] INFO  com.equity.watchlist.controller.ProxyController - Proxying news request: GET /api/news
2026-04-16 14:49:35.794 [http-nio-8080-exec-5] INFO  com.equity.watchlist.controller.WatchlistController - POST /api/v1/watchlist — adding company 'ASTEC' for userId=1
2026-04-16 14:49:35.809 [http-nio-8080-exec-5] INFO  com.equity.watchlist.service.WatchlistService - Adding company 'ASTEC' to watchlist id=1
2026-04-16 14:49:35.856 [http-nio-8080-exec-5] INFO  com.equity.watchlist.service.WatchlistService - Company 'ASTEC' not in global watchlist — triggering add
2026-04-16 14:49:35.856 [http-nio-8080-exec-5] INFO  com.equity.watchlist.client.GlobalWatchlistClient - Adding company 'ASTEC' to global watchlist via http://localhost:8083/api/global-watchlist/add
2026-04-16 14:49:36.635 [http-nio-8080-exec-5] INFO  com.equity.watchlist.client.GlobalWatchlistClient - Company 'ASTEC' successfully added to global watchlist
2026-04-16 14:49:36.646 [http-nio-8080-exec-5] INFO  com.equity.watchlist.service.WatchlistService - Company 'ASTEC' saved to watchlist id=1 with row id=1
2026-04-16 14:49:36.659 [http-nio-8080-exec-5] INFO  com.equity.watchlist.controller.WatchlistController - Company 'ASTEC' added successfully
2026-04-16 14:49:36.671 [http-nio-8080-exec-10] INFO  com.equity.watchlist.controller.ProxyController - Proxying internal request: POST /api/internal/watchlist/added
2026-04-16 14:49:36.672 [http-nio-8080-exec-1] INFO  com.equity.watchlist.controller.WatchlistController - GET /api/v1/watchlist — fetching all entries for userId=1, watchlistId=null
2026-04-16 14:49:38.900 [http-nio-8080-exec-9] INFO  com.equity.watchlist.controller.WatchlistController - GET /api/v1/watchlist — fetching all entries for userId=1, watchlistId=null
2026-04-16 14:49:44.006 [http-nio-8080-exec-8] INFO  com.equity.watchlist.controller.ProxyController - Proxying global-watchlist request: GET /api/global-watchlist/nifty50
2026-04-16 14:50:35.606 [http-nio-8080-exec-4] INFO  com.equity.watchlist.controller.ProxyController - Proxying events request: GET /api/events
2026-04-16 14:50:35.606 [http-nio-8080-exec-2] INFO  com.equity.watchlist.controller.ProxyController - Proxying news request: GET /api/news
2026-04-16 14:50:38.605 [http-nio-8080-exec-3] INFO  com.equity.watchlist.controller.ProxyController - Proxying fast-movers request: GET /api/fast-movers
2026-04-16 14:50:44.806 [http-nio-8080-exec-7] INFO  com.equity.watchlist.controller.WatchlistController - GET /api/v1/watchlist — fetching all entries for userId=1, watchlistId=null
