2026-05-18 16:40:59.228  INFO [main] com.nseevents.nse_events_scheduler.NseEventsSchedulerApplication : Starting NseEventsSchedulerApplication v0.0.1-SNAPSHOT using Java 22.0.1 with PID 14185 (/private/tmp/nse-events-scheduler.jar started by bhavyasharma in /Users/bhavyasharma/Desktop/EqutiyWatchListTracker/watchlist-service)
2026-05-18 16:40:59.241  INFO [main] com.nseevents.nse_events_scheduler.NseEventsSchedulerApplication : No active profile set, falling back to 1 default profile: "default"
2026-05-18 16:41:01.095  INFO [main] org.apache.coyote.http11.Http11NioProtocol : Initializing ProtocolHandler ["http-nio-8085"]
2026-05-18 16:41:01.100  INFO [main] org.apache.catalina.core.StandardService : Starting service [Tomcat]
2026-05-18 16:41:01.101  INFO [main] org.apache.catalina.core.StandardEngine : Starting Servlet engine: [Apache Tomcat/10.1.52]
2026-05-18 16:41:01.157  INFO [main] org.apache.catalina.core.ContainerBase.[Tomcat].[localhost].[/] : Initializing Spring embedded WebApplicationContext
2026-05-18 16:41:02.683  WARN [main] org.hibernate.orm.deprecation : HHH90000025: PostgreSQLDialect does not need to be specified explicitly using 'hibernate.dialect' (remove the property setting and it will be selected by default)
2026-05-18 16:41:04.875  WARN [main] org.springframework.boot.autoconfigure.orm.jpa.JpaBaseConfiguration$JpaWebConfiguration : spring.jpa.open-in-view is enabled by default. Therefore, database queries may be performed during view rendering. Explicitly configure spring.jpa.open-in-view to disable this warning
2026-05-18 16:41:05.279  INFO [main] org.apache.coyote.http11.Http11NioProtocol : Starting ProtocolHandler ["http-nio-8085"]
2026-05-18 16:41:05.306  INFO [main] com.nseevents.nse_events_scheduler.NseEventsSchedulerApplication : Started NseEventsSchedulerApplication in 7.156 seconds (process running for 9.383)
2026-05-18 16:41:05.308  INFO [main] com.nseevents.nse_events_scheduler.scheduler.NseEventsScheduler : === NSE Events startup fetch triggered ===
2026-05-18 16:41:05.308  INFO [main] com.nseevents.nse_events_scheduler.scheduler.NseEventsScheduler : NSE Events sync started
2026-05-18 16:41:06.001  INFO [main] com.nseevents.nse_events_scheduler.service.NseEventFetchService : NSE Events fetch complete — 579 events retrieved
2026-05-18 16:41:06.211  INFO [main] com.nseevents.nse_events_scheduler.service.EventWorkerService : Saved 1 event(s) for [SANGHVIMOV]
2026-05-18 16:41:06.255  INFO [main] com.nseevents.nse_events_scheduler.service.EventWorkerService : Saved 1 event(s) for [BANARBEADS]
2026-05-18 16:41:06.269  INFO [main] com.nseevents.nse_events_scheduler.service.EventWorkerService : Saved 1 event(s) for [IRCTC]
2026-05-18 16:41:06.285  INFO [main] com.nseevents.nse_events_scheduler.service.EventWorkerService : Saved 1 event(s) for [ANDHRSUGAR]
2026-05-18 16:41:06.293  INFO [main] com.nseevents.nse_events_scheduler.service.EventWorkerService : Saved 1 event(s) for [IPL]
2026-05-18 16:41:06.301  INFO [main] com.nseevents.nse_events_scheduler.service.EventWorkerService : Saved 1 event(s) for [EICHERMOT]
2026-05-18 16:41:06.310  INFO [main] com.nseevents.nse_events_scheduler.service.EventWorkerService : Saved 1 event(s) for [BLUSPRING]
2026-05-18 16:41:06.318  INFO [main] com.nseevents.nse_events_scheduler.service.EventWorkerService : Saved 1 event(s) for [NIRAJ]
2026-05-18 16:41:06.327  INFO [main] com.nseevents.nse_events_scheduler.service.EventWorkerService : Saved 1 event(s) for [SPIC]
2026-05-18 16:41:06.333  INFO [main] com.nseevents.nse_events_scheduler.service.EventWorkerService : Saved 1 event(s) for [ZIMLAB]
2026-05-18 16:41:06.339  INFO [main] com.nseevents.nse_events_scheduler.service.EventWorkerService : Saved 1 event(s) for [ASPINWALL]
2026-05-18 16:41:06.347  INFO [main] com.nseevents.nse_events_scheduler.service.EventWorkerService : Saved 1 event(s) for [ARENTERP]
2026-05-18 16:41:06.358  INFO [main] com.nseevents.nse_events_scheduler.service.EventWorkerService : Saved 1 event(s) for [DIGIDRIVE]
2026-05-18 16:41:06.366  INFO [main] com.nseevents.nse_events_scheduler.service.EventWorkerService : Saved 1 event(s) for [SWELECTES]
2026-05-18 16:41:06.372  INFO [main] com.nseevents.nse_events_scheduler.service.EventWorkerService : Saved 1 event(s) for [ELLEN]
2026-05-18 16:41:06.379  INFO [main] com.nseevents.nse_events_scheduler.service.EventWorkerService : Saved 1 event(s) for [BUILDPRO]
2026-05-18 16:41:06.393  INFO [main] com.nseevents.nse_events_scheduler.service.EventWorkerService : Saved 1 event(s) for [SHALBY]
2026-05-18 16:41:06.404  INFO [main] com.nseevents.nse_events_scheduler.service.EventWorkerService : Saved 1 event(s) for [DDEVPLSTIK]
2026-05-18 16:41:06.417  INFO [main] com.nseevents.nse_events_scheduler.service.EventWorkerService : Saved 1 event(s) for [ASHOKLEY]
2026-05-18 16:41:06.424  INFO [main] com.nseevents.nse_events_scheduler.service.EventWorkerService : Saved 1 event(s) for [JAICORPLTD]
2026-05-18 16:41:06.434  INFO [main] com.nseevents.nse_events_scheduler.service.EventWorkerService : Saved 1 event(s) for [MMTC]
2026-05-18 16:41:06.446  INFO [main] com.nseevents.nse_events_scheduler.service.EventWorkerService : Saved 1 event(s) for [SUMIT]
2026-05-18 16:41:06.459  INFO [main] com.nseevents.nse_events_scheduler.service.EventWorkerService : Saved 1 event(s) for [WSTCSTPAPR]
2026-05-18 16:41:06.465  INFO [main] com.nseevents.nse_events_scheduler.service.EventWorkerService : Saved 1 event(s) for [EPACK]
2026-05-18 16:41:06.471  INFO [main] com.nseevents.nse_events_scheduler.service.EventWorkerService : Saved 1 event(s) for [RCF]
2026-05-18 16:41:06.476  INFO [main] com.nseevents.nse_events_scheduler.service.EventWorkerService : Saved 1 event(s) for [WABAG]
2026-05-18 16:41:06.484  INFO [main] com.nseevents.nse_events_scheduler.service.EventWorkerService : Saved 1 event(s) for [PAGEIND]
2026-05-18 16:41:06.492  INFO [main] com.nseevents.nse_events_scheduler.service.EventWorkerService : Saved 1 event(s) for [NUCLEUS]
2026-05-18 16:41:06.505  INFO [main] com.nseevents.nse_events_scheduler.service.EventWorkerService : Saved 1 event(s) for [LFIC]
2026-05-18 16:41:06.522  INFO [main] com.nseevents.nse_events_scheduler.service.EventWorkerService : Saved 1 event(s) for [IRB]
2026-05-18 16:41:06.531  INFO [main] com.nseevents.nse_events_scheduler.service.EventWorkerService : Saved 1 event(s) for [DOLLAR]
2026-05-18 16:41:06.534  INFO [main] com.nseevents.nse_events_scheduler.service.EventWorkerService : Saved 1 event(s) for [SPECIALITY]
2026-05-18 16:41:06.539  INFO [main] com.nseevents.nse_events_scheduler.service.EventWorkerService : Saved 1 event(s) for [DPSCLTD]
2026-05-18 16:41:06.558  INFO [main] com.nseevents.nse_events_scheduler.service.EventWorkerService : Saved 1 event(s) for [MKPL]
2026-05-18 16:41:06.562  INFO [main] com.nseevents.nse_events_scheduler.service.EventWorkerService : Saved 1 event(s) for [LYKALABS]
2026-05-18 16:41:06.567  INFO [main] com.nseevents.nse_events_scheduler.service.EventWorkerService : Saved 1 event(s) for [FIEMIND]
2026-05-18 16:41:06.575  INFO [main] com.nseevents.nse_events_scheduler.service.EventWorkerService : Saved 1 event(s) for [RKSWAMY]
2026-05-18 16:41:06.580  INFO [main] com.nseevents.nse_events_scheduler.service.EventWorkerService : Saved 2 event(s) for [RAJMET]
2026-05-18 16:41:06.584  INFO [main] com.nseevents.nse_events_scheduler.service.EventWorkerService : Saved 1 event(s) for [AVANTIFEED]
2026-05-18 16:41:06.588  INFO [main] com.nseevents.nse_events_scheduler.service.EventWorkerService : Saved 1 event(s) for [ZOTA]
2026-05-18 16:41:06.593  INFO [main] com.nseevents.nse_events_scheduler.service.EventWorkerService : Saved 2 event(s) for [MURUDCERA]
2026-05-18 16:41:06.600  INFO [main] com.nseevents.nse_events_scheduler.service.EventWorkerService : Saved 1 event(s) for [RADIANTCMS]
2026-05-18 16:41:06.605  INFO [main] com.nseevents.nse_events_scheduler.service.EventWorkerService : Saved 1 event(s) for [TIMETECHNO]
2026-05-18 16:41:06.608  INFO [main] com.nseevents.nse_events_scheduler.service.EventWorkerService : Saved 1 event(s) for [PANSARI]
2026-05-18 16:41:06.612  INFO [main] com.nseevents.nse_events_scheduler.service.EventWorkerService : Saved 1 event(s) for [ELGIEQUIP]
2026-05-18 16:41:06.619  INFO [main] com.nseevents.nse_events_scheduler.service.EventWorkerService : Saved 1 event(s) for [ASHOKA]
2026-05-18 16:41:06.624  INFO [main] com.nseevents.nse_events_scheduler.service.EventWorkerService : Saved 1 event(s) for [SUPERSPIN]
2026-05-18 16:41:06.629  INFO [main] com.nseevents.nse_events_scheduler.service.EventWorkerService : Saved 1 event(s) for [AUSOMENT]
2026-05-18 16:41:06.634  INFO [main] com.nseevents.nse_events_scheduler.service.EventWorkerService : Saved 1 event(s) for [SAGARDEEP]
2026-05-18 16:41:06.639  INFO [main] com.nseevents.nse_events_scheduler.service.EventWorkerService : Saved 1 event(s) for [RAJSREESUG]
2026-05-18 16:41:06.643  INFO [main] com.nseevents.nse_events_scheduler.service.EventWorkerService : Saved 2 event(s) for [SUNDRMBRAK]
2026-05-18 16:41:06.649  INFO [main] com.nseevents.nse_events_scheduler.service.EventWorkerService : Saved 1 event(s) for [NEPHROPLUS]
2026-05-18 16:41:06.654  INFO [main] com.nseevents.nse_events_scheduler.service.EventWorkerService : Saved 1 event(s) for [EKC]
2026-05-18 16:41:06.657  INFO [main] com.nseevents.nse_events_scheduler.service.EventWorkerService : Saved 1 event(s) for [ACE]
2026-05-18 16:41:06.665  INFO [main] com.nseevents.nse_events_scheduler.service.EventWorkerService : Saved 1 event(s) for [21STCENMGM]
2026-05-18 16:41:06.669  INFO [main] com.nseevents.nse_events_scheduler.service.EventWorkerService : Saved 1 event(s) for [WIPL]
2026-05-18 16:41:06.674  INFO [main] com.nseevents.nse_events_scheduler.service.EventWorkerService : Saved 1 event(s) for [BEL]
2026-05-18 16:41:06.686  INFO [main] com.nseevents.nse_events_scheduler.service.EventWorkerService : Saved 1 event(s) for [SIKKO]
2026-05-18 16:41:06.692  INFO [main] com.nseevents.nse_events_scheduler.service.EventWorkerService : Saved 1 event(s) for [EIHAHOTELS]
2026-05-18 16:41:06.699  INFO [main] com.nseevents.nse_events_scheduler.service.EventWorkerService : Saved 1 event(s) for [SCPL]
2026-05-18 16:41:06.704  INFO [main] com.nseevents.nse_events_scheduler.service.EventWorkerService : Saved 1 event(s) for [OCCLLTD]
2026-05-18 16:41:06.708  INFO [main] com.nseevents.nse_events_scheduler.service.EventWorkerService : Saved 1 event(s) for [INSECTICID]
2026-05-18 16:41:06.716  INFO [main] com.nseevents.nse_events_scheduler.service.EventWorkerService : Saved 1 event(s) for [MEGASTAR]
2026-05-18 16:41:06.720  INFO [main] com.nseevents.nse_events_scheduler.service.EventWorkerService : Saved 1 event(s) for [TNPETRO]
2026-05-18 16:41:06.726  INFO [main] com.nseevents.nse_events_scheduler.service.EventWorkerService : Saved 1 event(s) for [NYKAA]
2026-05-18 16:41:06.731  INFO [main] com.nseevents.nse_events_scheduler.service.EventWorkerService : Saved 1 event(s) for [ITC]
2026-05-18 16:41:06.735  INFO [main] com.nseevents.nse_events_scheduler.service.EventWorkerService : Saved 1 event(s) for [ASAHISONG]
2026-05-18 16:41:06.739  INFO [main] com.nseevents.nse_events_scheduler.service.EventWorkerService : Saved 1 event(s) for [MANAKSTEEL]
2026-05-18 16:41:06.743  INFO [main] com.nseevents.nse_events_scheduler.service.EventWorkerService : Saved 1 event(s) for [ACEINTEG]
2026-05-18 16:41:06.751  INFO [main] com.nseevents.nse_events_scheduler.service.EventWorkerService : Saved 2 event(s) for [HARIOMPIPE]
2026-05-18 16:41:06.759  INFO [main] com.nseevents.nse_events_scheduler.service.EventWorkerService : Saved 1 event(s) for [GODAVARIB]
2026-05-18 16:41:06.765  INFO [main] com.nseevents.nse_events_scheduler.service.EventWorkerService : Saved 1 event(s) for [GVPTECH]
2026-05-18 16:41:06.768  INFO [main] com.nseevents.nse_events_scheduler.service.EventWorkerService : Saved 1 event(s) for [GPPL]
2026-05-18 16:41:06.772  INFO [main] com.nseevents.nse_events_scheduler.service.EventWorkerService : Saved 1 event(s) for [GARFIBRES]
2026-05-18 16:41:06.779  INFO [main] com.nseevents.nse_events_scheduler.service.EventWorkerService : Saved 1 event(s) for [COSMOFIRST]
2026-05-18 16:41:06.788  INFO [main] com.nseevents.nse_events_scheduler.service.EventWorkerService : Saved 1 event(s) for [LOKESHMACH]
2026-05-18 16:41:06.792  INFO [main] com.nseevents.nse_events_scheduler.service.EventWorkerService : Saved 1 event(s) for [DJML]
2026-05-18 16:41:06.796  INFO [main] com.nseevents.nse_events_scheduler.service.EventWorkerService : Saved 1 event(s) for [GANECOS]
2026-05-18 16:41:06.800  INFO [main] com.nseevents.nse_events_scheduler.service.EventWorkerService : Saved 1 event(s) for [TARMAT]
2026-05-18 16:41:06.803  INFO [main] com.nseevents.nse_events_scheduler.service.EventWorkerService : Saved 1 event(s) for [DAMCAPITAL]
2026-05-18 16:41:06.806  INFO [main] com.nseevents.nse_events_scheduler.service.EventWorkerService : Saved 1 event(s) for [MINDTECK]
2026-05-18 16:41:06.810  INFO [main] com.nseevents.nse_events_scheduler.service.EventWorkerService : Saved 1 event(s) for [ANZEN]
2026-05-18 16:41:06.813  INFO [main] com.nseevents.nse_events_scheduler.service.EventWorkerService : Saved 1 event(s) for [DHRUV]
2026-05-18 16:41:06.818  INFO [main] com.nseevents.nse_events_scheduler.service.EventWorkerService : Saved 1 event(s) for [INDUSFILA]
2026-05-18 16:41:06.823  INFO [main] com.nseevents.nse_events_scheduler.service.EventWorkerService : Saved 2 event(s) for [JNKINDIA]
2026-05-18 16:41:06.827  INFO [main] com.nseevents.nse_events_scheduler.service.EventWorkerService : Saved 1 event(s) for [ANTHEM]
2026-05-18 16:41:06.831  INFO [main] com.nseevents.nse_events_scheduler.service.EventWorkerService : Saved 1 event(s) for [SANCO]
2026-05-18 16:41:06.835  INFO [main] com.nseevents.nse_events_scheduler.service.EventWorkerService : Saved 1 event(s) for [MAWANASUG]
2026-05-18 16:41:06.842  INFO [main] com.nseevents.nse_events_scheduler.service.EventWorkerService : Saved 1 event(s) for [TAKE]
2026-05-18 16:41:06.853  INFO [main] com.nseevents.nse_events_scheduler.service.EventWorkerService : Saved 1 event(s) for [KAUSHALYA]
2026-05-18 16:41:06.857  INFO [main] com.nseevents.nse_events_scheduler.service.EventWorkerService : Saved 1 event(s) for [DHANUKA]
2026-05-18 16:41:06.860  INFO [main] com.nseevents.nse_events_scheduler.service.EventWorkerService : Saved 1 event(s) for [CARYSIL]
2026-05-18 16:41:06.872  INFO [main] com.nseevents.nse_events_scheduler.service.EventWorkerService : Saved 1 event(s) for [BOSCH-HCIL]
2026-05-18 16:41:06.876  INFO [main] com.nseevents.nse_events_scheduler.service.EventWorkerService : Saved 1 event(s) for [ZUARIIND]
2026-05-18 16:41:06.885  INFO [main] com.nseevents.nse_events_scheduler.service.EventWorkerService : Saved 1 event(s) for [GVKPIL]
2026-05-18 16:41:06.891  INFO [main] com.nseevents.nse_events_scheduler.service.EventWorkerService : Saved 1 event(s) for [HAPPYFORGE]
2026-05-18 16:41:06.894  INFO [main] com.nseevents.nse_events_scheduler.service.EventWorkerService : Saved 1 event(s) for [AKSHOPTFBR]
2026-05-18 16:41:06.898  INFO [main] com.nseevents.nse_events_scheduler.service.EventWorkerService : Saved 1 event(s) for [URJA]
2026-05-18 16:41:06.901  INFO [main] com.nseevents.nse_events_scheduler.service.EventWorkerService : Saved 1 event(s) for [OAL]
2026-05-18 16:41:06.905  INFO [main] com.nseevents.nse_events_scheduler.service.EventWorkerService : Saved 1 event(s) for [HINDWAREAP]
2026-05-18 16:41:06.908  INFO [main] com.nseevents.nse_events_scheduler.service.EventWorkerService : Saved 1 event(s) for [SAKSOFT]
2026-05-18 16:41:06.911  INFO [main] com.nseevents.nse_events_scheduler.service.EventWorkerService : Saved 1 event(s) for [IVP]
2026-05-18 16:41:06.914  INFO [main] com.nseevents.nse_events_scheduler.service.EventWorkerService : Saved 1 event(s) for [TSFINV]
2026-05-18 16:41:06.917  INFO [main] com.nseevents.nse_events_scheduler.service.EventWorkerService : Saved 1 event(s) for [SIYSIL]
2026-05-18 16:41:06.920  INFO [main] com.nseevents.nse_events_scheduler.service.EventWorkerService : Saved 1 event(s) for [DENTA]
2026-05-18 16:41:06.923  INFO [main] com.nseevents.nse_events_scheduler.service.EventWorkerService : Saved 1 event(s) for [APCL]
2026-05-18 16:41:06.927  INFO [main] com.nseevents.nse_events_scheduler.service.EventWorkerService : Saved 1 event(s) for [FORTIS]
2026-05-18 16:41:06.930  INFO [main] com.nseevents.nse_events_scheduler.service.EventWorkerService : Saved 1 event(s) for [BANSWRAS]
2026-05-18 16:41:06.933  INFO [main] com.nseevents.nse_events_scheduler.service.EventWorkerService : Saved 1 event(s) for [BCONCEPTS]
2026-05-18 16:41:06.936  INFO [main] com.nseevents.nse_events_scheduler.service.EventWorkerService : Saved 1 event(s) for [SHANTIGOLD]
2026-05-18 16:41:06.940  INFO [main] com.nseevents.nse_events_scheduler.service.EventWorkerService : Saved 1 event(s) for [YATHARTH]
2026-05-18 16:41:06.943  INFO [main] com.nseevents.nse_events_scheduler.service.EventWorkerService : Saved 1 event(s) for [JUBLFOOD]
2026-05-18 16:41:06.954  INFO [main] com.nseevents.nse_events_scheduler.service.EventWorkerService : Saved 1 event(s) for [RAMCOCEM]
2026-05-18 16:41:06.959  INFO [main] com.nseevents.nse_events_scheduler.service.EventWorkerService : Saved 1 event(s) for [METROBRAND]
2026-05-18 16:41:06.962  INFO [main] com.nseevents.nse_events_scheduler.service.EventWorkerService : Saved 1 event(s) for [OSWALAGRO]
2026-05-18 16:41:06.969  INFO [main] com.nseevents.nse_events_scheduler.service.EventWorkerService : Saved 1 event(s) for [GOODLUCK]
2026-05-18 16:41:06.976  INFO [main] com.nseevents.nse_events_scheduler.service.EventWorkerService : Saved 1 event(s) for [SUNDARAM]
2026-05-18 16:41:06.984  INFO [main] com.nseevents.nse_events_scheduler.service.EventWorkerService : Saved 1 event(s) for [RAMRAT]
2026-05-18 16:41:06.988  INFO [main] com.nseevents.nse_events_scheduler.service.EventWorkerService : Saved 1 event(s) for [CLSEL]
2026-05-18 16:41:06.992  INFO [main] com.nseevents.nse_events_scheduler.service.EventWorkerService : Saved 1 event(s) for [FMNL]
2026-05-18 16:41:06.995  INFO [main] com.nseevents.nse_events_scheduler.service.EventWorkerService : Saved 1 event(s) for [ICRA]
2026-05-18 16:41:06.999  INFO [main] com.nseevents.nse_events_scheduler.service.EventWorkerService : Saved 2 event(s) for [POWERINDIA]
2026-05-18 16:41:07.003  INFO [main] com.nseevents.nse_events_scheduler.service.EventWorkerService : Saved 1 event(s) for [PASUPTAC]
2026-05-18 16:41:07.007  INFO [main] com.nseevents.nse_events_scheduler.service.EventWorkerService : Saved 1 event(s) for [HBSL]
2026-05-18 16:41:07.011  INFO [main] com.nseevents.nse_events_scheduler.service.EventWorkerService : Saved 1 event(s) for [DCAL]
2026-05-18 16:41:07.018  INFO [main] com.nseevents.nse_events_scheduler.service.EventWorkerService : Saved 1 event(s) for [FLUOROCHEM]
2026-05-18 16:41:07.025  INFO [main] com.nseevents.nse_events_scheduler.service.EventWorkerService : Saved 1 event(s) for [PINELABS]
2026-05-18 16:41:07.032  INFO [main] com.nseevents.nse_events_scheduler.service.EventWorkerService : Saved 1 event(s) for [JBFIND]
2026-05-18 16:41:07.039  INFO [main] com.nseevents.nse_events_scheduler.service.EventWorkerService : Saved 1 event(s) for [PRABHA]
2026-05-18 16:41:07.043  INFO [main] com.nseevents.nse_events_scheduler.service.EventWorkerService : Saved 1 event(s) for [ABMINTLLTD]
2026-05-18 16:41:07.051  INFO [main] com.nseevents.nse_events_scheduler.service.EventWorkerService : Saved 1 event(s) for [RUDRA]
2026-05-18 16:41:07.055  INFO [main] com.nseevents.nse_events_scheduler.service.EventWorkerService : Saved 2 event(s) for [PGEL]
2026-05-18 16:41:07.058  INFO [main] com.nseevents.nse_events_scheduler.service.EventWorkerService : Saved 1 event(s) for [PANAMAPET]
2026-05-18 16:41:07.062  INFO [main] com.nseevents.nse_events_scheduler.service.EventWorkerService : Saved 2 event(s) for [UFLEX]
2026-05-18 16:41:07.066  INFO [main] com.nseevents.nse_events_scheduler.service.EventWorkerService : Saved 1 event(s) for [MACPOWER]
2026-05-18 16:41:07.069  INFO [main] com.nseevents.nse_events_scheduler.service.EventWorkerService : Saved 1 event(s) for [TARSONS]
2026-05-18 16:41:07.073  INFO [main] com.nseevents.nse_events_scheduler.service.EventWorkerService : Saved 1 event(s) for [NATCOPHARM]
2026-05-18 16:41:07.076  INFO [main] com.nseevents.nse_events_scheduler.service.EventWorkerService : Saved 1 event(s) for [QUINTEGRA]
2026-05-18 16:41:07.078  INFO [main] com.nseevents.nse_events_scheduler.service.EventWorkerService : Saved 1 event(s) for [PGHH]
2026-05-18 16:41:07.081  INFO [main] com.nseevents.nse_events_scheduler.service.EventWorkerService : Saved 1 event(s) for [SSWL]
2026-05-18 16:41:07.084  INFO [main] com.nseevents.nse_events_scheduler.service.EventWorkerService : Saved 1 event(s) for [EXICOM]
2026-05-18 16:41:07.087  INFO [main] com.nseevents.nse_events_scheduler.service.EventWorkerService : Saved 1 event(s) for [FAZE3Q]
2026-05-18 16:41:07.091  INFO [main] com.nseevents.nse_events_scheduler.service.EventWorkerService : Saved 1 event(s) for [SUNTV]
2026-05-18 16:41:07.095  INFO [main] com.nseevents.nse_events_scheduler.service.EventWorkerService : Saved 1 event(s) for [MAHASTEEL]
2026-05-18 16:41:07.098  INFO [main] com.nseevents.nse_events_scheduler.service.EventWorkerService : Saved 1 event(s) for [SHAH]
2026-05-18 16:41:07.102  INFO [main] com.nseevents.nse_events_scheduler.service.EventWorkerService : Saved 1 event(s) for [BIKAJI]
2026-05-18 16:41:07.106  INFO [main] com.nseevents.nse_events_scheduler.service.EventWorkerService : Saved 1 event(s) for [PGHL]
2026-05-18 16:41:07.120  INFO [main] com.nseevents.nse_events_scheduler.service.EventWorkerService : Saved 1 event(s) for [LPDC]
2026-05-18 16:41:07.125  INFO [main] com.nseevents.nse_events_scheduler.service.EventWorkerService : Saved 1 event(s) for [AYMSYNTEX]
2026-05-18 16:41:07.131  INFO [main] com.nseevents.nse_events_scheduler.service.EventWorkerService : Saved 1 event(s) for [OILCOUNTUB]
2026-05-18 16:41:07.134  INFO [main] com.nseevents.nse_events_scheduler.service.EventWorkerService : Saved 1 event(s) for [BPCL]
2026-05-18 16:41:07.138  INFO [main] com.nseevents.nse_events_scheduler.service.EventWorkerService : Saved 1 event(s) for [CENTEXT]
2026-05-18 16:41:07.141  INFO [main] com.nseevents.nse_events_scheduler.service.EventWorkerService : Saved 1 event(s) for [NBCC]
2026-05-18 16:41:07.144  INFO [main] com.nseevents.nse_events_scheduler.service.EventWorkerService : Saved 1 event(s) for [TVSELECT]
2026-05-18 16:41:07.153  INFO [main] com.nseevents.nse_events_scheduler.service.EventWorkerService : Saved 1 event(s) for [MAPMYINDIA]
2026-05-18 16:41:07.156  INFO [main] com.nseevents.nse_events_scheduler.service.EventWorkerService : Saved 1 event(s) for [SUKHJITS]
2026-05-18 16:41:07.159  INFO [main] com.nseevents.nse_events_scheduler.service.EventWorkerService : Saved 1 event(s) for [DBEIL]
2026-05-18 16:41:07.162  INFO [main] com.nseevents.nse_events_scheduler.service.EventWorkerService : Saved 1 event(s) for [HCL-INSYS]
2026-05-18 16:41:07.165  INFO [main] com.nseevents.nse_events_scheduler.service.EventWorkerService : Saved 1 event(s) for [DATAMATICS]
2026-05-18 16:41:07.168  INFO [main] com.nseevents.nse_events_scheduler.service.EventWorkerService : Saved 1 event(s) for [ZEEL]
2026-05-18 16:41:07.175  INFO [main] com.nseevents.nse_events_scheduler.service.EventWorkerService : Saved 1 event(s) for [FINEORG]
2026-05-18 16:41:07.179  INFO [main] com.nseevents.nse_events_scheduler.service.EventWorkerService : Saved 1 event(s) for [HINDALCO]
2026-05-18 16:41:07.185  INFO [main] com.nseevents.nse_events_scheduler.service.EventWorkerService : Saved 1 event(s) for [SURANAT&P]
2026-05-18 16:41:07.189  INFO [main] com.nseevents.nse_events_scheduler.service.EventWorkerService : Saved 1 event(s) for [AKSHARCHEM]
2026-05-18 16:41:07.196  INFO [main] com.nseevents.nse_events_scheduler.service.EventWorkerService : Saved 1 event(s) for [EXCELINDUS]
2026-05-18 16:41:07.202  INFO [main] com.nseevents.nse_events_scheduler.service.EventWorkerService : Saved 1 event(s) for [CREST]
2026-05-18 16:41:07.206  INFO [main] com.nseevents.nse_events_scheduler.service.EventWorkerService : Saved 1 event(s) for [INDIQUBE]
2026-05-18 16:41:07.210  INFO [main] com.nseevents.nse_events_scheduler.service.EventWorkerService : Saved 1 event(s) for [SMLT]
2026-05-18 16:41:07.215  INFO [main] com.nseevents.nse_events_scheduler.service.EventWorkerService : Saved 1 event(s) for [RAINBOW]
2026-05-18 16:41:07.218  INFO [main] com.nseevents.nse_events_scheduler.service.EventWorkerService : Saved 1 event(s) for [STANLEY]
2026-05-18 16:41:07.223  INFO [main] com.nseevents.nse_events_scheduler.service.EventWorkerService : Saved 1 event(s) for [SHIVATEX]
2026-05-18 16:41:07.227  INFO [main] com.nseevents.nse_events_scheduler.service.EventWorkerService : Saved 1 event(s) for [BLS]
2026-05-18 16:41:07.230  INFO [main] com.nseevents.nse_events_scheduler.service.EventWorkerService : Saved 1 event(s) for [HISARMETAL]
2026-05-18 16:41:07.233  INFO [main] com.nseevents.nse_events_scheduler.service.EventWorkerService : Saved 1 event(s) for [JMFINANCIL]
2026-05-18 16:41:07.237  INFO [main] com.nseevents.nse_events_scheduler.service.EventWorkerService : Saved 1 event(s) for [MANALIPETC]
2026-05-18 16:41:07.241  INFO [main] com.nseevents.nse_events_scheduler.service.EventWorkerService : Saved 1 event(s) for [GABRIEL]
2026-05-18 16:41:07.246  INFO [main] com.nseevents.nse_events_scheduler.service.EventWorkerService : Saved 1 event(s) for [BHARATRAS]
2026-05-18 16:41:07.249  INFO [main] com.nseevents.nse_events_scheduler.service.EventWorkerService : Saved 1 event(s) for [TTKPRESTIG]
2026-05-18 16:41:07.253  INFO [main] com.nseevents.nse_events_scheduler.service.EventWorkerService : Saved 1 event(s) for [EMBDL]
2026-05-18 16:41:07.258  INFO [main] com.nseevents.nse_events_scheduler.service.EventWorkerService : Saved 1 event(s) for [GREENLAM]
2026-05-18 16:41:07.261  INFO [main] com.nseevents.nse_events_scheduler.service.EventWorkerService : Saved 1 event(s) for [FINKURVE]
2026-05-18 16:41:07.265  INFO [main] com.nseevents.nse_events_scheduler.service.EventWorkerService : Saved 1 event(s) for [FLAIR]
2026-05-18 16:41:07.268  INFO [main] com.nseevents.nse_events_scheduler.service.EventWorkerService : Saved 1 event(s) for [RAMCOIND]
2026-05-18 16:41:07.273  INFO [main] com.nseevents.nse_events_scheduler.service.EventWorkerService : Saved 1 event(s) for [VENUSREM]
2026-05-18 16:41:07.277  INFO [main] com.nseevents.nse_events_scheduler.service.EventWorkerService : Saved 1 event(s) for [AKG]
2026-05-18 16:41:07.287  INFO [main] com.nseevents.nse_events_scheduler.service.EventWorkerService : Saved 1 event(s) for [ROTO]
2026-05-18 16:41:07.291  INFO [main] com.nseevents.nse_events_scheduler.service.EventWorkerService : Saved 1 event(s) for [KOPRAN]
2026-05-18 16:41:07.296  INFO [main] com.nseevents.nse_events_scheduler.service.EventWorkerService : Saved 1 event(s) for [EXCELSOFT]
2026-05-18 16:41:07.302  INFO [main] com.nseevents.nse_events_scheduler.service.EventWorkerService : Saved 1 event(s) for [MAHSEAMLES]
2026-05-18 16:41:07.307  INFO [main] com.nseevents.nse_events_scheduler.service.EventWorkerService : Saved 1 event(s) for [LAXMICOT]
2026-05-18 16:41:07.311  INFO [main] com.nseevents.nse_events_scheduler.service.EventWorkerService : Saved 1 event(s) for [KIRLOSIND]
2026-05-18 16:41:07.323  INFO [main] com.nseevents.nse_events_scheduler.service.EventWorkerService : Saved 1 event(s) for [MUNJALAU]
2026-05-18 16:41:07.328  INFO [main] com.nseevents.nse_events_scheduler.service.EventWorkerService : Saved 1 event(s) for [CONTROLPR]
2026-05-18 16:41:07.332  INFO [main] com.nseevents.nse_events_scheduler.service.EventWorkerService : Saved 1 event(s) for [LAMBODHARA]
2026-05-18 16:41:07.340  INFO [main] com.nseevents.nse_events_scheduler.service.EventWorkerService : Saved 1 event(s) for [JOCIL]
2026-05-18 16:41:07.354  INFO [main] com.nseevents.nse_events_scheduler.service.EventWorkerService : Saved 1 event(s) for [BSHSL]
2026-05-18 16:41:07.366  INFO [main] com.nseevents.nse_events_scheduler.service.EventWorkerService : Saved 1 event(s) for [POLYMED]
2026-05-18 16:41:07.370  INFO [main] com.nseevents.nse_events_scheduler.service.EventWorkerService : Saved 1 event(s) for [INDOFARM]
2026-05-18 16:41:07.373  INFO [main] com.nseevents.nse_events_scheduler.service.EventWorkerService : Saved 1 event(s) for [ORIENTBELL]
2026-05-18 16:41:07.375  INFO [main] com.nseevents.nse_events_scheduler.service.EventWorkerService : Saved 1 event(s) for [SAATVIKGL]
2026-05-18 16:41:07.378  INFO [main] com.nseevents.nse_events_scheduler.service.EventWorkerService : Saved 1 event(s) for [CHEMCON]
2026-05-18 16:41:07.382  INFO [main] com.nseevents.nse_events_scheduler.service.EventWorkerService : Saved 1 event(s) for [SAMMAANCAP]
2026-05-18 16:41:07.385  INFO [main] com.nseevents.nse_events_scheduler.service.EventWorkerService : Saved 1 event(s) for [HONDAPOWER]
2026-05-18 16:41:07.388  INFO [main] com.nseevents.nse_events_scheduler.service.EventWorkerService : Saved 1 event(s) for [MTNL]
2026-05-18 16:41:07.391  INFO [main] com.nseevents.nse_events_scheduler.service.EventWorkerService : Saved 1 event(s) for [MARKSANS]
2026-05-18 16:41:07.394  INFO [main] com.nseevents.nse_events_scheduler.service.EventWorkerService : Saved 1 event(s) for [ANUHPHR]
2026-05-18 16:41:07.397  INFO [main] com.nseevents.nse_events_scheduler.service.EventWorkerService : Saved 1 event(s) for [LINCOLN]
2026-05-18 16:41:07.399  INFO [main] com.nseevents.nse_events_scheduler.service.EventWorkerService : Saved 1 event(s) for [GRASIM]
2026-05-18 16:41:07.401  INFO [main] com.nseevents.nse_events_scheduler.service.EventWorkerService : Saved 1 event(s) for [JKCEMENT]
2026-05-18 16:41:07.404  INFO [main] com.nseevents.nse_events_scheduler.service.EventWorkerService : Saved 1 event(s) for [TRIDENT]
2026-05-18 16:41:07.407  INFO [main] com.nseevents.nse_events_scheduler.service.EventWorkerService : Saved 1 event(s) for [ISGEC]
2026-05-18 16:41:07.410  INFO [main] com.nseevents.nse_events_scheduler.service.EventWorkerService : Saved 1 event(s) for [DCMSIL]
2026-05-18 16:41:07.413  INFO [main] com.nseevents.nse_events_scheduler.service.EventWorkerService : Saved 1 event(s) for [THEJO]
2026-05-18 16:41:07.416  INFO [main] com.nseevents.nse_events_scheduler.service.EventWorkerService : Saved 1 event(s) for [ALEMBICLTD]
2026-05-18 16:41:07.418  INFO [main] com.nseevents.nse_events_scheduler.service.EventWorkerService : Saved 1 event(s) for [SARDAEN]
2026-05-18 16:41:07.421  INFO [main] com.nseevents.nse_events_scheduler.service.EventWorkerService : Saved 1 event(s) for [XPROINDIA]
2026-05-18 16:41:07.425  INFO [main] com.nseevents.nse_events_scheduler.service.EventWorkerService : Saved 1 event(s) for [TOUCHWOOD]
2026-05-18 16:41:07.427  INFO [main] com.nseevents.nse_events_scheduler.service.EventWorkerService : Saved 1 event(s) for [SHRIRAMPPS]
2026-05-18 16:41:07.430  INFO [main] com.nseevents.nse_events_scheduler.service.EventWorkerService : Saved 1 event(s) for [IGARASHI]
2026-05-18 16:41:07.433  INFO [main] com.nseevents.nse_events_scheduler.service.EventWorkerService : Saved 1 event(s) for [MAYURUNIQ]
2026-05-18 16:41:07.436  INFO [main] com.nseevents.nse_events_scheduler.service.EventWorkerService : Saved 1 event(s) for [RPPINFRA]
2026-05-18 16:41:07.439  INFO [main] com.nseevents.nse_events_scheduler.service.EventWorkerService : Saved 1 event(s) for [ARE&M]
2026-05-18 16:41:07.442  INFO [main] com.nseevents.nse_events_scheduler.service.EventWorkerService : Saved 1 event(s) for [ADSL]
2026-05-18 16:41:07.445  INFO [main] com.nseevents.nse_events_scheduler.service.EventWorkerService : Saved 1 event(s) for [MOTOGENFIN]
2026-05-18 16:41:07.448  INFO [main] com.nseevents.nse_events_scheduler.service.EventWorkerService : Saved 1 event(s) for [DISHTV]
2026-05-18 16:41:07.451  INFO [main] com.nseevents.nse_events_scheduler.service.EventWorkerService : Saved 1 event(s) for [SHYAMCENT]
2026-05-18 16:41:07.453  INFO [main] com.nseevents.nse_events_scheduler.service.EventWorkerService : Saved 1 event(s) for [CENTRUM]
2026-05-18 16:41:07.456  INFO [main] com.nseevents.nse_events_scheduler.service.EventWorkerService : Saved 1 event(s) for [AARTIPHARM]
2026-05-18 16:41:07.459  INFO [main] com.nseevents.nse_events_scheduler.service.EventWorkerService : Saved 1 event(s) for [UNIDT]
2026-05-18 16:41:07.462  INFO [main] com.nseevents.nse_events_scheduler.service.EventWorkerService : Saved 2 event(s) for [TEAMLEASE]
2026-05-18 16:41:07.464  INFO [main] com.nseevents.nse_events_scheduler.service.EventWorkerService : Saved 1 event(s) for [CARRARO]
2026-05-18 16:41:07.467  INFO [main] com.nseevents.nse_events_scheduler.service.EventWorkerService : Saved 1 event(s) for [LGEINDIA]
2026-05-18 16:41:07.470  INFO [main] com.nseevents.nse_events_scheduler.service.EventWorkerService : Saved 1 event(s) for [SUMICHEM]
2026-05-18 16:41:07.473  INFO [main] com.nseevents.nse_events_scheduler.service.EventWorkerService : Saved 1 event(s) for [GLOBE]
2026-05-18 16:41:07.475  INFO [main] com.nseevents.nse_events_scheduler.service.EventWorkerService : Saved 1 event(s) for [SOMICONVEY]
2026-05-18 16:41:07.478  INFO [main] com.nseevents.nse_events_scheduler.service.EventWorkerService : Saved 1 event(s) for [SANSERA]
2026-05-18 16:41:07.485  INFO [main] com.nseevents.nse_events_scheduler.service.EventWorkerService : Saved 1 event(s) for [HITECHCORP]
2026-05-18 16:41:07.488  INFO [main] com.nseevents.nse_events_scheduler.service.EventWorkerService : Saved 1 event(s) for [COLPAL]
2026-05-18 16:41:07.492  INFO [main] com.nseevents.nse_events_scheduler.service.EventWorkerService : Saved 1 event(s) for [DOLATALGO]
2026-05-18 16:41:07.495  INFO [main] com.nseevents.nse_events_scheduler.service.EventWorkerService : Saved 1 event(s) for [PNCINFRA]
2026-05-18 16:41:07.498  INFO [main] com.nseevents.nse_events_scheduler.service.EventWorkerService : Saved 1 event(s) for [TTL]
2026-05-18 16:41:07.501  INFO [main] com.nseevents.nse_events_scheduler.service.EventWorkerService : Saved 1 event(s) for [OSWALGREEN]
2026-05-18 16:41:07.504  INFO [main] com.nseevents.nse_events_scheduler.service.EventWorkerService : Saved 1 event(s) for [EUREKAFORB]
2026-05-18 16:41:07.507  INFO [main] com.nseevents.nse_events_scheduler.service.EventWorkerService : Saved 1 event(s) for [UNITEDTEA]
2026-05-18 16:41:07.518  INFO [main] com.nseevents.nse_events_scheduler.service.EventWorkerService : Saved 1 event(s) for [AARVI]
2026-05-18 16:41:07.524  INFO [main] com.nseevents.nse_events_scheduler.service.EventWorkerService : Saved 2 event(s) for [JUBLINGREA]
2026-05-18 16:41:07.530  INFO [main] com.nseevents.nse_events_scheduler.service.EventWorkerService : Saved 1 event(s) for [ASIANPAINT]
2026-05-18 16:41:07.534  INFO [main] com.nseevents.nse_events_scheduler.service.EventWorkerService : Saved 1 event(s) for [MIRCELECTR]
2026-05-18 16:41:07.538  INFO [main] com.nseevents.nse_events_scheduler.service.EventWorkerService : Saved 1 event(s) for [BATAINDIA]
2026-05-18 16:41:07.543  INFO [main] com.nseevents.nse_events_scheduler.service.EventWorkerService : Saved 1 event(s) for [VSTL]
2026-05-18 16:41:07.554  INFO [main] com.nseevents.nse_events_scheduler.service.EventWorkerService : Saved 1 event(s) for [BLACKBUCK]
2026-05-18 16:41:07.559  INFO [main] com.nseevents.nse_events_scheduler.service.EventWorkerService : Saved 1 event(s) for [SMSPHARMA]
2026-05-18 16:41:07.562  INFO [main] com.nseevents.nse_events_scheduler.service.EventWorkerService : Saved 1 event(s) for [BCPL]
2026-05-18 16:41:07.565  INFO [main] com.nseevents.nse_events_scheduler.service.EventWorkerService : Saved 1 event(s) for [MBECL]
2026-05-18 16:41:07.568  INFO [main] com.nseevents.nse_events_scheduler.service.EventWorkerService : Saved 1 event(s) for [MVGJL]
2026-05-18 16:41:07.573  INFO [main] com.nseevents.nse_events_scheduler.service.EventWorkerService : Saved 1 event(s) for [SURAKSHA]
2026-05-18 16:41:07.578  INFO [main] com.nseevents.nse_events_scheduler.service.EventWorkerService : Saved 1 event(s) for [ISHANCH]
2026-05-18 16:41:07.583  INFO [main] com.nseevents.nse_events_scheduler.service.EventWorkerService : Saved 1 event(s) for [JASH]
2026-05-18 16:41:07.585  INFO [main] com.nseevents.nse_events_scheduler.service.EventWorkerService : Saved 1 event(s) for [IFBAGRO]
2026-05-18 16:41:07.588  INFO [main] com.nseevents.nse_events_scheduler.service.EventWorkerService : Saved 1 event(s) for [JAGRAN]
2026-05-18 16:41:07.591  INFO [main] com.nseevents.nse_events_scheduler.service.EventWorkerService : Saved 2 event(s) for [KCP]
2026-05-18 16:41:07.593  INFO [main] com.nseevents.nse_events_scheduler.service.EventWorkerService : Saved 1 event(s) for [DVL]
2026-05-18 16:41:07.597  INFO [main] com.nseevents.nse_events_scheduler.service.EventWorkerService : Saved 1 event(s) for [LXCHEM]
2026-05-18 16:41:07.601  INFO [main] com.nseevents.nse_events_scheduler.service.EventWorkerService : Saved 1 event(s) for [BEARDSELL]
2026-05-18 16:41:07.604  INFO [main] com.nseevents.nse_events_scheduler.service.EventWorkerService : Saved 1 event(s) for [HGINFRA]
2026-05-18 16:41:07.606  INFO [main] com.nseevents.nse_events_scheduler.service.EventWorkerService : Saved 1 event(s) for [ORKLAINDIA]
2026-05-18 16:41:07.609  INFO [main] com.nseevents.nse_events_scheduler.service.EventWorkerService : Saved 1 event(s) for [MOSCHIP]
2026-05-18 16:41:07.612  INFO [main] com.nseevents.nse_events_scheduler.service.EventWorkerService : Saved 1 event(s) for [TTKHLTCARE]
2026-05-18 16:41:07.618  INFO [main] com.nseevents.nse_events_scheduler.service.EventWorkerService : Saved 1 event(s) for [PNC]
2026-05-18 16:41:07.621  INFO [main] com.nseevents.nse_events_scheduler.service.EventWorkerService : Saved 1 event(s) for [JKIL]
2026-05-18 16:41:07.623  INFO [main] com.nseevents.nse_events_scheduler.service.EventWorkerService : Saved 1 event(s) for [AIAENG]
2026-05-18 16:41:07.626  INFO [main] com.nseevents.nse_events_scheduler.service.EventWorkerService : Saved 1 event(s) for [PROTEAN]
2026-05-18 16:41:07.629  INFO [main] com.nseevents.nse_events_scheduler.service.EventWorkerService : Saved 1 event(s) for [VAIBHAVGBL]
2026-05-18 16:41:07.632  INFO [main] com.nseevents.nse_events_scheduler.service.EventWorkerService : Saved 1 event(s) for [MAXHEALTH]
2026-05-18 16:41:07.636  INFO [main] com.nseevents.nse_events_scheduler.service.EventWorkerService : Saved 1 event(s) for [INTLCONV]
2026-05-18 16:41:07.639  INFO [main] com.nseevents.nse_events_scheduler.service.EventWorkerService : Saved 1 event(s) for [ZODIAC]
2026-05-18 16:41:07.642  INFO [main] com.nseevents.nse_events_scheduler.service.EventWorkerService : Saved 1 event(s) for [BANARISUG]
2026-05-18 16:41:07.644  INFO [main] com.nseevents.nse_events_scheduler.service.EventWorkerService : Saved 1 event(s) for [CONCOR]
2026-05-18 16:41:07.654  INFO [main] com.nseevents.nse_events_scheduler.service.EventWorkerService : Saved 1 event(s) for [APTECHT]
2026-05-18 16:41:07.657  INFO [main] com.nseevents.nse_events_scheduler.service.EventWorkerService : Saved 1 event(s) for [MEDICO]
2026-05-18 16:41:07.660  INFO [main] com.nseevents.nse_events_scheduler.service.EventWorkerService : Saved 1 event(s) for [SUNPHARMA]
2026-05-18 16:41:07.665  INFO [main] com.nseevents.nse_events_scheduler.service.EventWorkerService : Saved 1 event(s) for [NAVNETEDUL]
2026-05-18 16:41:07.668  INFO [main] com.nseevents.nse_events_scheduler.service.EventWorkerService : Saved 1 event(s) for [BSL]
2026-05-18 16:41:07.670  INFO [main] com.nseevents.nse_events_scheduler.service.EventWorkerService : Saved 1 event(s) for [COASTCORP]
2026-05-18 16:41:07.674  INFO [main] com.nseevents.nse_events_scheduler.service.EventWorkerService : Saved 1 event(s) for [MAHAPEXLTD]
2026-05-18 16:41:07.676  INFO [main] com.nseevents.nse_events_scheduler.service.EventWorkerService : Saved 1 event(s) for [NTPC]
2026-05-18 16:41:07.678  INFO [main] com.nseevents.nse_events_scheduler.service.EventWorkerService : Saved 1 event(s) for [AGARWALEYE]
2026-05-18 16:41:07.707  INFO [main] com.nseevents.nse_events_scheduler.service.EventWorkerService : Saved 1 event(s) for [CLCIND]
2026-05-18 16:41:07.710  INFO [main] com.nseevents.nse_events_scheduler.service.EventWorkerService : Saved 1 event(s) for [INDIGOPNTS]
2026-05-18 16:41:07.717  INFO [main] com.nseevents.nse_events_scheduler.service.EventWorkerService : Saved 1 event(s) for [DREDGECORP]
2026-05-18 16:41:07.723  INFO [main] com.nseevents.nse_events_scheduler.service.EventWorkerService : Saved 1 event(s) for [SAHLIBHFI]
2026-05-18 16:41:07.726  INFO [main] com.nseevents.nse_events_scheduler.service.EventWorkerService : Saved 1 event(s) for [KTKBANK]
2026-05-18 16:41:07.728  INFO [main] com.nseevents.nse_events_scheduler.service.EventWorkerService : Saved 1 event(s) for [HECPROJECT]
2026-05-18 16:41:07.730  INFO [main] com.nseevents.nse_events_scheduler.service.EventWorkerService : Saved 1 event(s) for [S&SPOWER]
2026-05-18 16:41:07.733  INFO [main] com.nseevents.nse_events_scheduler.service.EventWorkerService : Saved 1 event(s) for [RUSHIL]
2026-05-18 16:41:07.735  INFO [main] com.nseevents.nse_events_scheduler.service.EventWorkerService : Saved 1 event(s) for [AMBIKCO]
2026-05-18 16:41:07.738  INFO [main] com.nseevents.nse_events_scheduler.service.EventWorkerService : Saved 1 event(s) for [BHARATGEAR]
2026-05-18 16:41:07.740  INFO [main] com.nseevents.nse_events_scheduler.service.EventWorkerService : Saved 1 event(s) for [DCMSRIND]
2026-05-18 16:41:07.743  INFO [main] com.nseevents.nse_events_scheduler.service.EventWorkerService : Saved 1 event(s) for [CAPACITE]
2026-05-18 16:41:07.747  INFO [main] com.nseevents.nse_events_scheduler.service.EventWorkerService : Saved 1 event(s) for [SHAILY]
2026-05-18 16:41:07.750  INFO [main] com.nseevents.nse_events_scheduler.service.EventWorkerService : Saved 1 event(s) for [SHIVAMILLS]
2026-05-18 16:41:07.752  INFO [main] com.nseevents.nse_events_scheduler.service.EventWorkerService : Saved 1 event(s) for [VINDHYATEL]
2026-05-18 16:41:07.755  INFO [main] com.nseevents.nse_events_scheduler.service.EventWorkerService : Saved 1 event(s) for [HONAUT]
2026-05-18 16:41:07.758  INFO [main] com.nseevents.nse_events_scheduler.service.EventWorkerService : Saved 1 event(s) for [KANORICHEM]
2026-05-18 16:41:07.761  INFO [main] com.nseevents.nse_events_scheduler.service.EventWorkerService : Saved 1 event(s) for [BALKRISHNA]
2026-05-18 16:41:07.764  INFO [main] com.nseevents.nse_events_scheduler.service.EventWorkerService : Saved 1 event(s) for [MANOMAY]
2026-05-18 16:41:07.771  INFO [main] com.nseevents.nse_events_scheduler.service.EventWorkerService : Saved 1 event(s) for [RAMCOSYS]
2026-05-18 16:41:07.775  INFO [main] com.nseevents.nse_events_scheduler.service.EventWorkerService : Saved 1 event(s) for [GUJRAFFIA]
2026-05-18 16:41:07.778  INFO [main] com.nseevents.nse_events_scheduler.service.EventWorkerService : Saved 1 event(s) for [BODALCHEM]
2026-05-18 16:41:07.782  INFO [main] com.nseevents.nse_events_scheduler.service.EventWorkerService : Saved 1 event(s) for [DHAMPURSUG]
2026-05-18 16:41:07.786  INFO [main] com.nseevents.nse_events_scheduler.service.EventWorkerService : Saved 1 event(s) for [SAMBHAAV]
2026-05-18 16:41:07.788  INFO [main] com.nseevents.nse_events_scheduler.service.EventWorkerService : Saved 1 event(s) for [DYNAMATECH]
2026-05-18 16:41:07.791  INFO [main] com.nseevents.nse_events_scheduler.service.EventWorkerService : Saved 1 event(s) for [GUJGASLTD]
2026-05-18 16:41:07.793  INFO [main] com.nseevents.nse_events_scheduler.service.EventWorkerService : Saved 1 event(s) for [IFBIND]
2026-05-18 16:41:07.796  INFO [main] com.nseevents.nse_events_scheduler.service.EventWorkerService : Saved 1 event(s) for [AJMERA]
2026-05-18 16:41:07.798  INFO [main] com.nseevents.nse_events_scheduler.service.EventWorkerService : Saved 1 event(s) for [DIVISLAB]
2026-05-18 16:41:07.800  INFO [main] com.nseevents.nse_events_scheduler.service.EventWorkerService : Saved 1 event(s) for [SGIL]
2026-05-18 16:41:07.804  INFO [main] com.nseevents.nse_events_scheduler.service.EventWorkerService : Saved 1 event(s) for [NIRAJISPAT]
2026-05-18 16:41:07.806  INFO [main] com.nseevents.nse_events_scheduler.service.EventWorkerService : Saved 1 event(s) for [SALZERELEC]
2026-05-18 16:41:07.810  INFO [main] com.nseevents.nse_events_scheduler.service.EventWorkerService : Saved 1 event(s) for [VLSFINANCE]
2026-05-18 16:41:07.820  INFO [main] com.nseevents.nse_events_scheduler.service.EventWorkerService : Saved 1 event(s) for [20MICRONS]
2026-05-18 16:41:07.823  INFO [main] com.nseevents.nse_events_scheduler.service.EventWorkerService : Saved 1 event(s) for [REPCOHOME]
2026-05-18 16:41:07.826  INFO [main] com.nseevents.nse_events_scheduler.service.EventWorkerService : Saved 1 event(s) for [SHAREINDIA]
2026-05-18 16:41:07.828  INFO [main] com.nseevents.nse_events_scheduler.service.EventWorkerService : Saved 1 event(s) for [TAINWALCHM]
2026-05-18 16:41:07.830  INFO [main] com.nseevents.nse_events_scheduler.service.EventWorkerService : Saved 1 event(s) for [JUBLPHARMA]
2026-05-18 16:41:07.833  INFO [main] com.nseevents.nse_events_scheduler.service.EventWorkerService : Saved 1 event(s) for [LAXMIDENTL]
2026-05-18 16:41:07.837  INFO [main] com.nseevents.nse_events_scheduler.service.EventWorkerService : Saved 1 event(s) for [ASIANENE]
2026-05-18 16:41:07.841  INFO [main] com.nseevents.nse_events_scheduler.service.EventWorkerService : Saved 1 event(s) for [DEEDEV]
2026-05-18 16:41:07.850  INFO [main] com.nseevents.nse_events_scheduler.service.EventWorkerService : Saved 1 event(s) for [PROSTARM]
2026-05-18 16:41:07.854  INFO [main] com.nseevents.nse_events_scheduler.service.EventWorkerService : Saved 1 event(s) for [JAYSREETEA]
2026-05-18 16:41:07.857  INFO [main] com.nseevents.nse_events_scheduler.service.EventWorkerService : Saved 1 event(s) for [NGLFINE]
2026-05-18 16:41:07.859  INFO [main] com.nseevents.nse_events_scheduler.service.EventWorkerService : Saved 1 event(s) for [SUPERHOUSE]
2026-05-18 16:41:07.863  INFO [main] com.nseevents.nse_events_scheduler.service.EventWorkerService : Saved 1 event(s) for [ATL]
2026-05-18 16:41:07.866  INFO [main] com.nseevents.nse_events_scheduler.service.EventWorkerService : Saved 1 event(s) for [RUSHABEAR]
2026-05-18 16:41:07.870  INFO [main] com.nseevents.nse_events_scheduler.service.EventWorkerService : Saved 1 event(s) for [ARIHANTCAP]
2026-05-18 16:41:07.872  INFO [main] com.nseevents.nse_events_scheduler.service.EventWorkerService : Saved 1 event(s) for [VIYASH]
2026-05-18 16:41:07.876  INFO [main] com.nseevents.nse_events_scheduler.service.EventWorkerService : Saved 1 event(s) for [TIIL]
2026-05-18 16:41:07.878  INFO [main] com.nseevents.nse_events_scheduler.service.EventWorkerService : Saved 1 event(s) for [LICI]
2026-05-18 16:41:07.886  INFO [main] com.nseevents.nse_events_scheduler.service.EventWorkerService : Saved 1 event(s) for [AMAGI]
2026-05-18 16:41:07.891  INFO [main] com.nseevents.nse_events_scheduler.service.EventWorkerService : Saved 1 event(s) for [NESCO]
2026-05-18 16:41:07.895  INFO [main] com.nseevents.nse_events_scheduler.service.EventWorkerService : Saved 1 event(s) for [HBLENGINE]
2026-05-18 16:41:07.899  INFO [main] com.nseevents.nse_events_scheduler.service.EventWorkerService : Saved 2 event(s) for [GSFC]
2026-05-18 16:41:07.902  INFO [main] com.nseevents.nse_events_scheduler.service.EventWorkerService : Saved 1 event(s) for [COFFEEDAY]
2026-05-18 16:41:07.906  INFO [main] com.nseevents.nse_events_scheduler.service.EventWorkerService : Saved 1 event(s) for [KRISHNADEF]
2026-05-18 16:41:07.909  INFO [main] com.nseevents.nse_events_scheduler.service.EventWorkerService : Saved 1 event(s) for [JKLAKSHMI]
2026-05-18 16:41:07.913  INFO [main] com.nseevents.nse_events_scheduler.service.EventWorkerService : Saved 2 event(s) for [POCL]
2026-05-18 16:41:07.917  INFO [main] com.nseevents.nse_events_scheduler.service.EventWorkerService : Saved 1 event(s) for [LIBERTSHOE]
2026-05-18 16:41:07.920  INFO [main] com.nseevents.nse_events_scheduler.service.EventWorkerService : Saved 1 event(s) for [ROADSTAR]
2026-05-18 16:41:07.923  INFO [main] com.nseevents.nse_events_scheduler.service.EventWorkerService : Saved 1 event(s) for [SANDHAR]
2026-05-18 16:41:07.928  INFO [main] com.nseevents.nse_events_scheduler.service.EventWorkerService : Saved 1 event(s) for [WHIRLPOOL]
2026-05-18 16:41:07.931  INFO [main] com.nseevents.nse_events_scheduler.service.EventWorkerService : Saved 1 event(s) for [GUJALKALI]
2026-05-18 16:41:07.933  INFO [main] com.nseevents.nse_events_scheduler.service.EventWorkerService : Saved 1 event(s) for [DEEPAKFERT]
2026-05-18 16:41:07.936  INFO [main] com.nseevents.nse_events_scheduler.service.EventWorkerService : Saved 1 event(s) for [ESABINDIA]
2026-05-18 16:41:07.939  INFO [main] com.nseevents.nse_events_scheduler.service.EventWorkerService : Saved 1 event(s) for [AMJLAND]
2026-05-18 16:41:07.942  INFO [main] com.nseevents.nse_events_scheduler.service.EventWorkerService : Saved 1 event(s) for [PIXTRANS]
2026-05-18 16:41:07.944  INFO [main] com.nseevents.nse_events_scheduler.service.EventWorkerService : Saved 1 event(s) for [QUICKHEAL]
2026-05-18 16:41:07.948  INFO [main] com.nseevents.nse_events_scheduler.service.EventWorkerService : Saved 1 event(s) for [TREJHARA]
2026-05-18 16:41:07.952  INFO [main] com.nseevents.nse_events_scheduler.service.EventWorkerService : Saved 1 event(s) for [LENSKART]
2026-05-18 16:41:07.955  INFO [main] com.nseevents.nse_events_scheduler.service.EventWorkerService : Saved 2 event(s) for [MOTHERSON]
2026-05-18 16:41:07.957  INFO [main] com.nseevents.nse_events_scheduler.service.EventWorkerService : Saved 2 event(s) for [ENGINERSIN]
2026-05-18 16:41:07.960  INFO [main] com.nseevents.nse_events_scheduler.service.EventWorkerService : Saved 1 event(s) for [WAKEFIT]
2026-05-18 16:41:07.962  INFO [main] com.nseevents.nse_events_scheduler.service.EventWorkerService : Saved 1 event(s) for [VIVIMEDLAB]
2026-05-18 16:41:07.973  INFO [main] com.nseevents.nse_events_scheduler.service.EventWorkerService : Saved 1 event(s) for [ADROITINFO]
2026-05-18 16:41:07.975  INFO [main] com.nseevents.nse_events_scheduler.service.EventWorkerService : Saved 1 event(s) for [HCG]
2026-05-18 16:41:07.978  INFO [main] com.nseevents.nse_events_scheduler.service.EventWorkerService : Saved 1 event(s) for [ZEELEARN]
2026-05-18 16:41:07.987  INFO [main] com.nseevents.nse_events_scheduler.service.EventWorkerService : Saved 1 event(s) for [VLEGOV]
2026-05-18 16:41:07.991  INFO [main] com.nseevents.nse_events_scheduler.service.EventWorkerService : Saved 2 event(s) for [MMP]
2026-05-18 16:41:07.994  INFO [main] com.nseevents.nse_events_scheduler.service.EventWorkerService : Saved 1 event(s) for [CENTENKA]
2026-05-18 16:41:07.998  INFO [main] com.nseevents.nse_events_scheduler.service.EventWorkerService : Saved 1 event(s) for [INNOVANA]
2026-05-18 16:41:08.000  INFO [main] com.nseevents.nse_events_scheduler.service.EventWorkerService : Saved 1 event(s) for [PDMJEPAPER]
2026-05-18 16:41:08.003  INFO [main] com.nseevents.nse_events_scheduler.service.EventWorkerService : Saved 1 event(s) for [WEWORK]
2026-05-18 16:41:08.007  INFO [main] com.nseevents.nse_events_scheduler.service.EventWorkerService : Saved 1 event(s) for [SIGMA]
2026-05-18 16:41:08.010  INFO [main] com.nseevents.nse_events_scheduler.service.EventWorkerService : Saved 1 event(s) for [ERIS]
2026-05-18 16:41:08.023  INFO [main] com.nseevents.nse_events_scheduler.service.EventWorkerService : Saved 1 event(s) for [APARINDS]
2026-05-18 16:41:08.026  INFO [main] com.nseevents.nse_events_scheduler.service.EventWorkerService : Saved 1 event(s) for [PRAKASH]
2026-05-18 16:41:08.030  INFO [main] com.nseevents.nse_events_scheduler.service.EventWorkerService : Saved 1 event(s) for [BOROSCI]
2026-05-18 16:41:08.034  INFO [main] com.nseevents.nse_events_scheduler.service.EventWorkerService : Saved 1 event(s) for [PTC]
2026-05-18 16:41:08.036  INFO [main] com.nseevents.nse_events_scheduler.service.EventWorkerService : Saved 1 event(s) for [AMANTA]
2026-05-18 16:41:08.038  INFO [main] com.nseevents.nse_events_scheduler.service.EventWorkerService : Saved 1 event(s) for [KAMDHENU]
2026-05-18 16:41:08.040  INFO [main] com.nseevents.nse_events_scheduler.service.EventWorkerService : Saved 1 event(s) for [ITDC]
2026-05-18 16:41:08.043  INFO [main] com.nseevents.nse_events_scheduler.service.EventWorkerService : Saved 1 event(s) for [BASF]
2026-05-18 16:41:08.049  INFO [main] com.nseevents.nse_events_scheduler.service.EventWorkerService : Saved 1 event(s) for [SSDL]
2026-05-18 16:41:08.057  INFO [main] com.nseevents.nse_events_scheduler.service.EventWorkerService : Saved 1 event(s) for [HEMIPROP]
2026-05-18 16:41:08.061  INFO [main] com.nseevents.nse_events_scheduler.service.EventWorkerService : Saved 1 event(s) for [RITES]
2026-05-18 16:41:08.066  INFO [main] com.nseevents.nse_events_scheduler.service.EventWorkerService : Saved 1 event(s) for [PRITIKAUTO]
2026-05-18 16:41:08.069  INFO [main] com.nseevents.nse_events_scheduler.service.EventWorkerService : Saved 1 event(s) for [RELINFRA]
2026-05-18 16:41:08.072  INFO [main] com.nseevents.nse_events_scheduler.service.EventWorkerService : Saved 1 event(s) for [ADVENTHTL]
2026-05-18 16:41:08.075  INFO [main] com.nseevents.nse_events_scheduler.service.EventWorkerService : Saved 1 event(s) for [POKARNA]
2026-05-18 16:41:08.078  INFO [main] com.nseevents.nse_events_scheduler.service.EventWorkerService : Saved 1 event(s) for [PRESTIGE]
2026-05-18 16:41:08.080  INFO [main] com.nseevents.nse_events_scheduler.service.EventWorkerService : Saved 1 event(s) for [SAFARI]
2026-05-18 16:41:08.084  INFO [main] com.nseevents.nse_events_scheduler.service.EventWorkerService : Saved 1 event(s) for [GLOBAL]
2026-05-18 16:41:08.086  INFO [main] com.nseevents.nse_events_scheduler.service.EventWorkerService : Saved 1 event(s) for [SHARDAMOTR]
2026-05-18 16:41:08.089  INFO [main] com.nseevents.nse_events_scheduler.service.EventWorkerService : Saved 1 event(s) for [DHARMAJ]
2026-05-18 16:41:08.091  INFO [main] com.nseevents.nse_events_scheduler.service.EventWorkerService : Saved 1 event(s) for [ONGC]
2026-05-18 16:41:08.093  INFO [main] com.nseevents.nse_events_scheduler.service.EventWorkerService : Saved 1 event(s) for [BOROLTD]
2026-05-18 16:41:08.095  INFO [main] com.nseevents.nse_events_scheduler.service.EventWorkerService : Saved 1 event(s) for [POWERMECH]
2026-05-18 16:41:08.098  INFO [main] com.nseevents.nse_events_scheduler.service.EventWorkerService : Saved 1 event(s) for [INDOTECH]
2026-05-18 16:41:08.106  INFO [main] com.nseevents.nse_events_scheduler.service.EventWorkerService : Saved 1 event(s) for [IGIL]
2026-05-18 16:41:08.109  INFO [main] com.nseevents.nse_events_scheduler.service.EventWorkerService : Saved 1 event(s) for [GPTINFRA]
2026-05-18 16:41:08.112  INFO [main] com.nseevents.nse_events_scheduler.service.EventWorkerService : Saved 1 event(s) for [UNITEDPOLY]
2026-05-18 16:41:08.116  INFO [main] com.nseevents.nse_events_scheduler.service.EventWorkerService : Saved 1 event(s) for [JUNIPER]
2026-05-18 16:41:08.118  INFO [main] com.nseevents.nse_events_scheduler.service.EventWorkerService : Saved 1 event(s) for [ASTRAMICRO]
2026-05-18 16:41:08.120  INFO [main] com.nseevents.nse_events_scheduler.service.EventWorkerService : Saved 1 event(s) for [VINCOFE]
2026-05-18 16:41:08.122  INFO [main] com.nseevents.nse_events_scheduler.service.EventWorkerService : Saved 1 event(s) for [AGIIL]
2026-05-18 16:41:08.125  INFO [main] com.nseevents.nse_events_scheduler.service.EventWorkerService : Saved 1 event(s) for [SPENCERS]
2026-05-18 16:41:08.127  INFO [main] com.nseevents.nse_events_scheduler.service.EventWorkerService : Saved 1 event(s) for [PRINCEPIPE]
2026-05-18 16:41:08.130  INFO [main] com.nseevents.nse_events_scheduler.service.EventWorkerService : Saved 1 event(s) for [MUFTI]
2026-05-18 16:41:08.133  INFO [main] com.nseevents.nse_events_scheduler.service.EventWorkerService : Saved 2 event(s) for [LMW]
2026-05-18 16:41:08.135  INFO [main] com.nseevents.nse_events_scheduler.service.EventWorkerService : Saved 1 event(s) for [IOLCP]
2026-05-18 16:41:08.137  INFO [main] com.nseevents.nse_events_scheduler.service.EventWorkerService : Saved 1 event(s) for [KOTHARIPRO]
2026-05-18 16:41:08.140  INFO [main] com.nseevents.nse_events_scheduler.service.EventWorkerService : Saved 1 event(s) for [FMGOETZE]
2026-05-18 16:41:08.142  INFO [main] com.nseevents.nse_events_scheduler.service.EventWorkerService : Saved 1 event(s) for [KAYA]
2026-05-18 16:41:08.145  INFO [main] com.nseevents.nse_events_scheduler.service.EventWorkerService : Saved 1 event(s) for [GMRP&UI]
2026-05-18 16:41:08.153  INFO [main] com.nseevents.nse_events_scheduler.service.EventWorkerService : Saved 1 event(s) for [SINCLAIR]
2026-05-18 16:41:08.156  INFO [main] com.nseevents.nse_events_scheduler.service.EventWorkerService : Saved 1 event(s) for [RPSGVENT]
2026-05-18 16:41:08.158  INFO [main] com.nseevents.nse_events_scheduler.service.EventWorkerService : Saved 1 event(s) for [TRANSWORLD]
2026-05-18 16:41:08.161  INFO [main] com.nseevents.nse_events_scheduler.service.EventWorkerService : Saved 1 event(s) for [AUROPHARMA]
2026-05-18 16:41:08.164  INFO [main] com.nseevents.nse_events_scheduler.service.EventWorkerService : Saved 1 event(s) for [TPLPLASTEH]
2026-05-18 16:41:08.166  INFO [main] com.nseevents.nse_events_scheduler.service.EventWorkerService : Saved 2 event(s) for [WANBURY]
2026-05-18 16:41:08.170  INFO [main] com.nseevents.nse_events_scheduler.service.EventWorkerService : Saved 1 event(s) for [UNIVCABLES]
2026-05-18 16:41:08.174  INFO [main] com.nseevents.nse_events_scheduler.service.EventWorkerService : Saved 1 event(s) for [DCMFINSERV]
2026-05-18 16:41:08.177  INFO [main] com.nseevents.nse_events_scheduler.service.EventWorkerService : Saved 1 event(s) for [JINDRILL]
2026-05-18 16:41:08.185  INFO [main] com.nseevents.nse_events_scheduler.service.EventWorkerService : Saved 1 event(s) for [PRECWIRE]
2026-05-18 16:41:08.188  INFO [main] com.nseevents.nse_events_scheduler.service.EventWorkerService : Saved 1 event(s) for [NOVAAGRI]
2026-05-18 16:41:08.190  INFO [main] com.nseevents.nse_events_scheduler.service.EventWorkerService : Saved 1 event(s) for [KSHINTL]
2026-05-18 16:41:08.193  INFO [main] com.nseevents.nse_events_scheduler.service.EventWorkerService : Saved 1 event(s) for [MUKTAARTS]
2026-05-18 16:41:08.196  INFO [main] com.nseevents.nse_events_scheduler.service.EventWorkerService : Saved 1 event(s) for [GMMPFAUDLR]
2026-05-18 16:41:08.199  INFO [main] com.nseevents.nse_events_scheduler.service.EventWorkerService : Saved 1 event(s) for [VHLTD]
2026-05-18 16:41:08.201  INFO [main] com.nseevents.nse_events_scheduler.service.EventWorkerService : Saved 1 event(s) for [TINNARUBR]
2026-05-18 16:41:08.203  INFO [main] com.nseevents.nse_events_scheduler.service.EventWorkerService : Saved 1 event(s) for [DEVX]
2026-05-18 16:41:08.206  INFO [main] com.nseevents.nse_events_scheduler.service.EventWorkerService : Saved 1 event(s) for [KESORAMIND]
2026-05-18 16:41:08.210  INFO [main] com.nseevents.nse_events_scheduler.service.EventWorkerService : Saved 1 event(s) for [CENTURYPLY]
2026-05-18 16:41:08.213  INFO [main] com.nseevents.nse_events_scheduler.service.EventWorkerService : Saved 1 event(s) for [ABCAPITAL]
2026-05-18 16:41:08.219  INFO [main] com.nseevents.nse_events_scheduler.service.EventWorkerService : Saved 2 event(s) for [RVNL]
2026-05-18 16:41:08.222  INFO [main] com.nseevents.nse_events_scheduler.service.EventWorkerService : Saved 1 event(s) for [ASKAUTOLTD]
2026-05-18 16:41:08.225  INFO [main] com.nseevents.nse_events_scheduler.service.EventWorkerService : Saved 1 event(s) for [HAVISHA]
2026-05-18 16:41:08.228  INFO [main] com.nseevents.nse_events_scheduler.service.EventWorkerService : Saved 1 event(s) for [TCIEXP]
2026-05-18 16:41:08.232  INFO [main] com.nseevents.nse_events_scheduler.service.EventWorkerService : Saved 1 event(s) for [SAKHTISUG]
2026-05-18 16:41:08.235  INFO [main] com.nseevents.nse_events_scheduler.service.EventWorkerService : Saved 1 event(s) for [GOLDIAM]
2026-05-18 16:41:08.238  INFO [main] com.nseevents.nse_events_scheduler.service.EventWorkerService : Saved 1 event(s) for [WEIZMANIND]
2026-05-18 16:41:08.242  INFO [main] com.nseevents.nse_events_scheduler.service.EventWorkerService : Saved 1 event(s) for [AUTOAXLES]
2026-05-18 16:41:08.245  INFO [main] com.nseevents.nse_events_scheduler.service.EventWorkerService : Saved 1 event(s) for [SUDEEPPHRM]
2026-05-18 16:41:08.248  INFO [main] com.nseevents.nse_events_scheduler.service.EventWorkerService : Saved 1 event(s) for [OMPOWER]
2026-05-18 16:41:08.250  INFO [main] com.nseevents.nse_events_scheduler.service.EventWorkerService : Saved 1 event(s) for [BLKASHYAP]
2026-05-18 16:41:08.253  INFO [main] com.nseevents.nse_events_scheduler.service.EventWorkerService : Saved 1 event(s) for [SRHHYPOLTD]
2026-05-18 16:41:08.256  INFO [main] com.nseevents.nse_events_scheduler.service.EventWorkerService : Saved 1 event(s) for [LATTEYS]
2026-05-18 16:41:08.258  INFO [main] com.nseevents.nse_events_scheduler.service.EventWorkerService : Saved 1 event(s) for [ALPA]
2026-05-18 16:41:08.261  INFO [main] com.nseevents.nse_events_scheduler.service.EventWorkerService : Saved 1 event(s) for [SYNCOMF]
2026-05-18 16:41:08.263  INFO [main] com.nseevents.nse_events_scheduler.service.EventWorkerService : Saved 1 event(s) for [AKSHAR]
2026-05-18 16:41:08.266  INFO [main] com.nseevents.nse_events_scheduler.service.EventWorkerService : Saved 1 event(s) for [FDC]
2026-05-18 16:41:08.268  INFO [main] com.nseevents.nse_events_scheduler.service.EventWorkerService : Saved 1 event(s) for [VEEDOL]
2026-05-18 16:41:08.270  INFO [main] com.nseevents.nse_events_scheduler.service.EventWorkerService : Saved 1 event(s) for [GAYAHWS]
2026-05-18 16:41:08.273  INFO [main] com.nseevents.nse_events_scheduler.service.EventWorkerService : Saved 1 event(s) for [XCHANGING]
2026-05-18 16:41:08.276  INFO [main] com.nseevents.nse_events_scheduler.service.EventWorkerService : Saved 1 event(s) for [SKYGOLD]
2026-05-18 16:41:08.277  INFO [main] com.nseevents.nse_events_scheduler.service.EventWorkerService : Saved 1 event(s) for [HATSUN]
2026-05-18 16:41:08.284  INFO [main] com.nseevents.nse_events_scheduler.service.EventWorkerService : Saved 1 event(s) for [CHEVIOT]
2026-05-18 16:41:08.287  INFO [main] com.nseevents.nse_events_scheduler.service.EventWorkerService : Saved 1 event(s) for [GSLSU]
2026-05-18 16:41:08.289  INFO [main] com.nseevents.nse_events_scheduler.service.EventWorkerService : Saved 1 event(s) for [WINDLAS]
2026-05-18 16:41:08.292  INFO [main] com.nseevents.nse_events_scheduler.service.EventWorkerService : Saved 1 event(s) for [IXIGO]
2026-05-18 16:41:08.295  INFO [main] com.nseevents.nse_events_scheduler.service.EventWorkerService : Saved 1 event(s) for [MADHUCON]
2026-05-18 16:41:08.298  INFO [main] com.nseevents.nse_events_scheduler.service.EventWorkerService : Saved 1 event(s) for [BASML]
2026-05-18 16:41:08.300  INFO [main] com.nseevents.nse_events_scheduler.service.EventWorkerService : Saved 1 event(s) for [DGCONTENT]
2026-05-18 16:41:08.302  INFO [main] com.nseevents.nse_events_scheduler.service.EventWorkerService : Saved 1 event(s) for [STUDDS]
2026-05-18 16:41:08.304  INFO [main] com.nseevents.nse_events_scheduler.service.EventWorkerService : Saved 1 event(s) for [MANKIND]
2026-05-18 16:41:08.306  INFO [main] com.nseevents.nse_events_scheduler.service.EventWorkerService : Saved 1 event(s) for [GILLETTE]
2026-05-18 16:41:08.308  INFO [main] com.nseevents.nse_events_scheduler.service.EventWorkerService : Saved 1 event(s) for [LINDEINDIA]
2026-05-18 16:41:08.311  INFO [main] com.nseevents.nse_events_scheduler.service.EventWorkerService : Saved 1 event(s) for [CAPINVIT]
2026-05-18 16:41:08.313  INFO [main] com.nseevents.nse_events_scheduler.service.EventWorkerService : Saved 1 event(s) for [GAIL]
2026-05-18 16:41:08.318  INFO [main] com.nseevents.nse_events_scheduler.service.EventWorkerService : Saved 1 event(s) for [SUPRAJIT]
2026-05-18 16:41:08.321  INFO [main] com.nseevents.nse_events_scheduler.service.EventWorkerService : Saved 1 event(s) for [ANANTAM]
2026-05-18 16:41:08.323  INFO [main] com.nseevents.nse_events_scheduler.service.EventWorkerService : Saved 1 event(s) for [WALCHANNAG]
2026-05-18 16:41:08.325  INFO [main] com.nseevents.nse_events_scheduler.service.EventWorkerService : Saved 1 event(s) for [BALPHARMA]
2026-05-18 16:41:08.328  INFO [main] com.nseevents.nse_events_scheduler.service.EventWorkerService : Saved 1 event(s) for [SPAL]
2026-05-18 16:41:08.329  INFO [main] com.nseevents.nse_events_scheduler.service.EventWorkerService : Saved 1 event(s) for [KHADIM]
2026-05-18 16:41:08.331  INFO [main] com.nseevents.nse_events_scheduler.service.EventWorkerService : Saved 1 event(s) for [BANCOINDIA]
2026-05-18 16:41:08.333  INFO [main] com.nseevents.nse_events_scheduler.service.EventWorkerService : Saved 1 event(s) for [BHAGCHEM]
2026-05-18 16:41:08.336  INFO [main] com.nseevents.nse_events_scheduler.service.EventWorkerService : Saved 1 event(s) for [TORNTPHARM]
2026-05-18 16:41:08.339  INFO [main] com.nseevents.nse_events_scheduler.service.EventWorkerService : Saved 1 event(s) for [SHILPAMED]
2026-05-18 16:41:08.341  INFO [main] com.nseevents.nse_events_scheduler.service.EventWorkerService : Saved 1 event(s) for [KDDL]
2026-05-18 16:41:08.344  INFO [main] com.nseevents.nse_events_scheduler.service.EventWorkerService : Saved 1 event(s) for [RATEGAIN]
2026-05-18 16:41:08.354  INFO [main] com.nseevents.nse_events_scheduler.service.EventWorkerService : Saved 1 event(s) for [ELECTHERM]
2026-05-18 16:41:08.358  INFO [main] com.nseevents.nse_events_scheduler.service.EventWorkerService : Saved 1 event(s) for [MARSONS]
2026-05-18 16:41:08.361  INFO [main] com.nseevents.nse_events_scheduler.service.EventWorkerService : Saved 1 event(s) for [RADIOCITY]
2026-05-18 16:41:08.364  INFO [main] com.nseevents.nse_events_scheduler.service.EventWorkerService : Saved 1 event(s) for [EIDPARRY]
2026-05-18 16:41:08.366  INFO [main] com.nseevents.nse_events_scheduler.service.EventWorkerService : Saved 1 event(s) for [TAJGVK]
2026-05-18 16:41:08.368  INFO [main] com.nseevents.nse_events_scheduler.service.EventWorkerService : Saved 1 event(s) for [HONASA]
2026-05-18 16:41:08.372  INFO [main] com.nseevents.nse_events_scheduler.service.EventWorkerService : Saved 1 event(s) for [HYBRIDFIN]
2026-05-18 16:41:08.375  INFO [main] com.nseevents.nse_events_scheduler.service.EventWorkerService : Saved 1 event(s) for [EMAMILTD]
2026-05-18 16:41:08.383  INFO [main] com.nseevents.nse_events_scheduler.service.EventWorkerService : Saved 1 event(s) for [RVTH]
2026-05-18 16:41:08.386  INFO [main] com.nseevents.nse_events_scheduler.service.EventWorkerService : Saved 1 event(s) for [KAKATCEM]
2026-05-18 16:41:08.389  INFO [main] com.nseevents.nse_events_scheduler.service.EventWorkerService : Saved 1 event(s) for [DPABHUSHAN]
2026-05-18 16:41:08.392  INFO [main] com.nseevents.nse_events_scheduler.service.EventWorkerService : Saved 1 event(s) for [WELCORP]
2026-05-18 16:41:08.394  INFO [main] com.nseevents.nse_events_scheduler.service.EventWorkerService : Saved 1 event(s) for [DSFCL]
2026-05-18 16:41:08.398  INFO [main] com.nseevents.nse_events_scheduler.service.EventWorkerService : Saved 2 event(s) for [MEDPLUS]
2026-05-18 16:41:08.401  INFO [main] com.nseevents.nse_events_scheduler.service.EventWorkerService : Saved 1 event(s) for [KAMOPAINTS]
2026-05-18 16:41:08.404  INFO [main] com.nseevents.nse_events_scheduler.service.EventWorkerService : Saved 1 event(s) for [RPOWER]
2026-05-18 16:41:08.406  INFO [main] com.nseevents.nse_events_scheduler.service.EventWorkerService : Saved 1 event(s) for [CUMMINSIND]
2026-05-18 16:41:08.409  INFO [main] com.nseevents.nse_events_scheduler.service.EventWorkerService : Saved 1 event(s) for [KWIL]
2026-05-18 16:41:08.411  INFO [main] com.nseevents.nse_events_scheduler.service.EventWorkerService : Saved 1 event(s) for [PIIND]
2026-05-18 16:41:08.414  INFO [main] com.nseevents.nse_events_scheduler.service.EventWorkerService : Saved 1 event(s) for [ALMONDZ]
2026-05-18 16:41:08.417  INFO [main] com.nseevents.nse_events_scheduler.service.EventWorkerService : Saved 2 event(s) for [3MINDIA]
2026-05-18 16:41:08.419  INFO [main] com.nseevents.nse_events_scheduler.service.EventWorkerService : Saved 1 event(s) for [MANUGRAPH]
2026-05-18 16:41:08.421  INFO [main] com.nseevents.nse_events_scheduler.service.EventWorkerService : Saved 1 event(s) for [BALAXI]
2026-05-18 16:41:08.423  INFO [main] com.nseevents.nse_events_scheduler.service.EventWorkerService : Saved 1 event(s) for [IRCON]
2026-05-18 16:41:08.425  INFO [main] com.nseevents.nse_events_scheduler.service.EventWorkerService : Saved 1 event(s) for [CIFL]
2026-05-18 16:41:08.428  INFO [main] com.nseevents.nse_events_scheduler.service.EventWorkerService : Saved 1 event(s) for [AMNPLST]
2026-05-18 16:41:08.432  INFO [main] com.nseevents.nse_events_scheduler.service.EventWorkerService : Saved 1 event(s) for [ALLTIME]
2026-05-18 16:41:08.436  INFO [main] com.nseevents.nse_events_scheduler.service.EventWorkerService : Saved 1 event(s) for [TCPLPACK]
2026-05-18 16:41:08.440  INFO [main] com.nseevents.nse_events_scheduler.service.EventWorkerService : Saved 1 event(s) for [EUROBOND]
2026-05-18 16:41:08.443  INFO [main] com.nseevents.nse_events_scheduler.service.EventWorkerService : Saved 1 event(s) for [IITL]
2026-05-18 16:41:08.448  INFO [main] com.nseevents.nse_events_scheduler.service.EventWorkerService : Saved 1 event(s) for [TCI]
2026-05-18 16:41:08.452  INFO [main] com.nseevents.nse_events_scheduler.service.EventWorkerService : Saved 1 event(s) for [MODISONLTD]
2026-05-18 16:41:08.456  INFO [main] com.nseevents.nse_events_scheduler.service.EventWorkerService : Saved 1 event(s) for [AEQUS]
2026-05-18 16:41:08.458  INFO [main] com.nseevents.nse_events_scheduler.service.EventWorkerService : Saved 1 event(s) for [BAGFILMS]
2026-05-18 16:41:08.461  INFO [main] com.nseevents.nse_events_scheduler.service.EventWorkerService : Saved 1 event(s) for [ANTGRAPHIC]
2026-05-18 16:41:08.463  INFO [main] com.nseevents.nse_events_scheduler.service.EventWorkerService : Saved 1 event(s) for [RADHIKAJWE]
2026-05-18 16:41:08.466  INFO [main] com.nseevents.nse_events_scheduler.service.EventWorkerService : Saved 1 event(s) for [BCLIND]
2026-05-18 16:41:08.467  INFO [main] com.nseevents.nse_events_scheduler.service.EventWorkerService : Saved 1 event(s) for [KREBSBIO]
2026-05-18 16:41:08.470  INFO [main] com.nseevents.nse_events_scheduler.service.EventWorkerService : Saved 1 event(s) for [SCHAND]
2026-05-18 16:41:08.473  INFO [main] com.nseevents.nse_events_scheduler.service.EventWorkerService : Saved 1 event(s) for [RUCHIRA]
2026-05-18 16:41:08.475  INFO [main] com.nseevents.nse_events_scheduler.service.EventWorkerService : Saved 1 event(s) for [TRIGYN]
2026-05-18 16:41:08.477  INFO [main] com.nseevents.nse_events_scheduler.service.EventWorkerService : Saved 1 event(s) for [LINC]
2026-05-18 16:41:08.488  INFO [main] com.nseevents.nse_events_scheduler.service.EventWorkerService : Saved 1 event(s) for [NEXTMEDIA]
2026-05-18 16:41:08.490  INFO [main] com.nseevents.nse_events_scheduler.service.EventWorkerService : Saved 1 event(s) for [SHREYANIND]
2026-05-18 16:41:08.491  INFO [main] com.nseevents.nse_events_scheduler.service.EventWorkerService : Saved 1 event(s) for [KARMAENG]
2026-05-18 16:41:08.493  INFO [main] com.nseevents.nse_events_scheduler.service.EventWorkerService : Saved 1 event(s) for [VINNY]
2026-05-18 16:41:08.495  INFO [main] com.nseevents.nse_events_scheduler.service.EventWorkerService : Saved 2 event(s) for [JAYBARMARU]
2026-05-18 16:41:08.498  INFO [main] com.nseevents.nse_events_scheduler.service.EventWorkerService : Saved 1 event(s) for [BIRLACABLE]
2026-05-18 16:41:08.499  INFO [main] com.nseevents.nse_events_scheduler.service.EventWorkerService : Saved 1 event(s) for [TALBROAUTO]
2026-05-18 16:41:08.501  INFO [main] com.nseevents.nse_events_scheduler.service.EventWorkerService : Saved 1 event(s) for [IOB]
2026-05-18 16:41:08.503  INFO [main] com.nseevents.nse_events_scheduler.service.EventWorkerService : Saved 1 event(s) for [UFO]
2026-05-18 16:41:08.505  INFO [main] com.nseevents.nse_events_scheduler.service.EventWorkerService : Saved 1 event(s) for [BOSCHLTD]
2026-05-18 16:41:08.507  INFO [main] com.nseevents.nse_events_scheduler.service.EventWorkerService : Saved 1 event(s) for [TOTAL]
2026-05-18 16:41:08.509  INFO [main] com.nseevents.nse_events_scheduler.service.EventWorkerService : Saved 2 event(s) for [ARVSMART]
2026-05-18 16:41:08.512  INFO [main] com.nseevents.nse_events_scheduler.service.EventWorkerService : Saved 1 event(s) for [STARCEMENT]
2026-05-18 16:41:08.518  INFO [main] com.nseevents.nse_events_scheduler.service.EventWorkerService : Saved 1 event(s) for [GANESHCP]
2026-05-18 16:41:08.520  INFO [main] com.nseevents.nse_events_scheduler.service.EventWorkerService : Saved 1 event(s) for [AQYLON]
2026-05-18 16:41:08.523  INFO [main] com.nseevents.nse_events_scheduler.service.EventWorkerService : Saved 1 event(s) for [KSR]
2026-05-18 16:41:08.525  INFO [main] com.nseevents.nse_events_scheduler.service.EventWorkerService : Saved 1 event(s) for [EMIL]
2026-05-18 16:41:08.527  INFO [main] com.nseevents.nse_events_scheduler.service.EventWorkerService : Saved 1 event(s) for [ROSSELLIND]
2026-05-18 16:41:08.529  INFO [main] com.nseevents.nse_events_scheduler.service.EventWorkerService : Saved 1 event(s) for [SBGLP]
2026-05-18 16:41:08.531  INFO [main] com.nseevents.nse_events_scheduler.service.EventWorkerService : Saved 1 event(s) for [GPIL]
2026-05-18 16:41:08.533  INFO [main] com.nseevents.nse_events_scheduler.service.EventWorkerService : Saved 1 event(s) for [SATIA]
2026-05-18 16:41:08.535  INFO [main] com.nseevents.nse_events_scheduler.service.EventWorkerService : Saved 1 event(s) for [BYKE]
2026-05-18 16:41:08.537  INFO [main] com.nseevents.nse_events_scheduler.service.EventWorkerService : Saved 1 event(s) for [ATCOM]
2026-05-18 16:41:08.540  INFO [main] com.nseevents.nse_events_scheduler.service.EventWorkerService : Saved 1 event(s) for [WILLAMAGOR]
2026-05-18 16:41:08.543  INFO [main] com.nseevents.nse_events_scheduler.service.EventWorkerService : Saved 1 event(s) for [MINDACORP]
2026-05-18 16:41:08.544  INFO [main] com.nseevents.nse_events_scheduler.service.EventWorkerService : Saved 2 event(s) for [LUXIND]
2026-05-18 16:41:08.551  INFO [main] com.nseevents.nse_events_scheduler.service.EventWorkerService : Saved 1 event(s) for [OLAELEC]
2026-05-18 16:41:08.552  INFO [main] com.nseevents.nse_events_scheduler.service.EventWorkerService : Saved 1 event(s) for [APOLLOHOSP]
2026-05-18 16:41:08.554  INFO [main] com.nseevents.nse_events_scheduler.service.EventWorkerService : Saved 1 event(s) for [SKMEGGPROD]
2026-05-18 16:41:08.557  INFO [main] com.nseevents.nse_events_scheduler.service.EventWorkerService : Saved 1 event(s) for [SURYAROSNI]
2026-05-18 16:41:08.559  INFO [main] com.nseevents.nse_events_scheduler.service.EventWorkerService : Saved 1 event(s) for [GLOSTERLTD]
2026-05-18 16:41:08.562  INFO [main] com.nseevents.nse_events_scheduler.service.EventWorkerService : Saved 2 event(s) for [ZYDUSLIFE]
2026-05-18 16:41:08.563  INFO [main] com.nseevents.nse_events_scheduler.scheduler.NseEventsScheduler : NSE Events sync complete — 554 companies updated
2026-05-18 16:47:30.916  INFO [http-nio-8085-exec-1] org.apache.catalina.core.ContainerBase.[Tomcat].[localhost].[/] : Initializing Spring DispatcherServlet 'dispatcherServlet'
2026-05-18 16:47:30.963  INFO [http-nio-8085-exec-1] com.nseevents.nse_events_scheduler.controller.EventsController : GET /api/events?key=NIFTY 50
2026-05-18 16:47:30.969  INFO [http-nio-8085-exec-1] com.nseevents.nse_events_scheduler.controller.EventsController : DB miss — on-demand fetch from NSE for [NIFTY 50]
2026-05-18 16:47:31.297  INFO [http-nio-8085-exec-1] com.nseevents.nse_events_scheduler.service.NseEventFetchService : NSE Events fetch complete — 583 events retrieved
2026-05-18 16:47:31.299  WARN [http-nio-8085-exec-1] com.nseevents.nse_events_scheduler.controller.EventsController : No events found for [NIFTY 50]
2026-05-18 16:47:57.581  INFO [http-nio-8085-exec-2] com.nseevents.nse_events_scheduler.controller.EventsController : GET /api/events?key=TATAPOWER
2026-05-18 16:47:57.600  INFO [http-nio-8085-exec-2] com.nseevents.nse_events_scheduler.controller.EventsController : DB hit for [TATAPOWER]
2026-05-18 17:06:32.468  WARN [HikariPool-1:housekeeper] com.zaxxer.hikari.pool.HikariPool : HikariPool-1 - Thread starvation or clock leap detected (housekeeper delta=10m30s536ms).
2026-05-18 17:30:45.836  WARN [HikariPool-1:housekeeper] com.zaxxer.hikari.pool.HikariPool : HikariPool-1 - Thread starvation or clock leap detected (housekeeper delta=24m13s372ms).
2026-05-18 17:39:07.667  WARN [HikariPool-1:housekeeper] com.zaxxer.hikari.pool.HikariPool : HikariPool-1 - Thread starvation or clock leap detected (housekeeper delta=1m21s763ms).
2026-05-18 18:00:06.113  WARN [HikariPool-1:housekeeper] com.zaxxer.hikari.pool.HikariPool : HikariPool-1 - Thread starvation or clock leap detected (housekeeper delta=15m28s405ms).
2026-05-18 18:15:56.041  WARN [HikariPool-1:housekeeper] com.zaxxer.hikari.pool.HikariPool : HikariPool-1 - Thread starvation or clock leap detected (housekeeper delta=7m49s807ms).
2026-05-18 18:18:04.680  WARN [HikariPool-1:housekeeper] com.zaxxer.hikari.pool.HikariPool : HikariPool-1 - Thread starvation or clock leap detected (housekeeper delta=2m8s639ms).
2026-05-18 18:22:22.017  WARN [HikariPool-1:housekeeper] com.zaxxer.hikari.pool.HikariPool : HikariPool-1 - Thread starvation or clock leap detected (housekeeper delta=3m47s329ms).
2026-05-18 18:24:44.679  WARN [HikariPool-1:housekeeper] com.zaxxer.hikari.pool.HikariPool : HikariPool-1 - Thread starvation or clock leap detected (housekeeper delta=1m52s641ms).
2026-05-18 18:25:54.781  WARN [HikariPool-1:housekeeper] com.zaxxer.hikari.pool.HikariPool : HikariPool-1 - Thread starvation or clock leap detected (housekeeper delta=1m10s103ms).
2026-05-18 19:13:59.020  WARN [HikariPool-1:housekeeper] com.zaxxer.hikari.pool.HikariPool : HikariPool-1 - Thread starvation or clock leap detected (housekeeper delta=8m33s949ms).
2026-05-18 19:19:34.628  WARN [HikariPool-1:housekeeper] com.zaxxer.hikari.pool.HikariPool : HikariPool-1 - Thread starvation or clock leap detected (housekeeper delta=5m35s610ms).
2026-05-18 19:41:52.016  WARN [HikariPool-1:housekeeper] com.zaxxer.hikari.pool.HikariPool : HikariPool-1 - Thread starvation or clock leap detected (housekeeper delta=22m17s388ms).
2026-05-18 19:55:06.753  WARN [HikariPool-1:housekeeper] com.zaxxer.hikari.pool.HikariPool : HikariPool-1 - Thread starvation or clock leap detected (housekeeper delta=13m14s737ms).
2026-05-18 20:03:01.941  WARN [HikariPool-1:housekeeper] com.zaxxer.hikari.pool.HikariPool : HikariPool-1 - Thread starvation or clock leap detected (housekeeper delta=7m55s188ms).
2026-05-18 20:23:50.678  WARN [HikariPool-1:housekeeper] com.zaxxer.hikari.pool.HikariPool : HikariPool-1 - Thread starvation or clock leap detected (housekeeper delta=20m48s736ms).
2026-05-18 21:13:30.432  WARN [HikariPool-1:housekeeper] com.zaxxer.hikari.pool.HikariPool : HikariPool-1 - Thread starvation or clock leap detected (housekeeper delta=15m30s59ms).
2026-05-18 21:24:42.713  WARN [HikariPool-1:housekeeper] com.zaxxer.hikari.pool.HikariPool : HikariPool-1 - Thread starvation or clock leap detected (housekeeper delta=11m12s281ms).
2026-05-18 21:50:06.590  WARN [HikariPool-1:housekeeper] com.zaxxer.hikari.pool.HikariPool : HikariPool-1 - Thread starvation or clock leap detected (housekeeper delta=23m36s768ms).
2026-05-18 21:57:46.198  WARN [HikariPool-1:housekeeper] com.zaxxer.hikari.pool.HikariPool : HikariPool-1 - Thread starvation or clock leap detected (housekeeper delta=7m39s605ms).
2026-05-18 22:05:07.733  WARN [HikariPool-1:housekeeper] com.zaxxer.hikari.pool.HikariPool : HikariPool-1 - Thread starvation or clock leap detected (housekeeper delta=7m21s535ms).
2026-05-18 22:15:48.440  WARN [HikariPool-1:housekeeper] com.zaxxer.hikari.pool.HikariPool : HikariPool-1 - Thread starvation or clock leap detected (housekeeper delta=10m40s708ms).
