2026-05-12 03:05:42.629 [HikariPool-1:housekeeper] WARN  com.zaxxer.hikari.pool.HikariPool - HikariPool-1 - Thread starvation or clock leap detected (housekeeper delta=10m54s53ms).
2026-05-12 03:09:37.031 [HikariPool-1:housekeeper] WARN  com.zaxxer.hikari.pool.HikariPool - HikariPool-1 - Thread starvation or clock leap detected (housekeeper delta=3m54s408ms).
2026-05-12 03:14:39.444 [HikariPool-1:housekeeper] WARN  com.zaxxer.hikari.pool.HikariPool - HikariPool-1 - Thread starvation or clock leap detected (housekeeper delta=5m2s413ms).
2026-05-12 03:40:09.744 [HikariPool-1:housekeeper] WARN  com.zaxxer.hikari.pool.HikariPool - HikariPool-1 - Thread starvation or clock leap detected (housekeeper delta=25m30s297ms).
2026-05-12 03:55:41.203 [HikariPool-1:housekeeper] WARN  com.zaxxer.hikari.pool.HikariPool - HikariPool-1 - Thread starvation or clock leap detected (housekeeper delta=15m31s462ms).
2026-05-12 04:06:11.557 [HikariPool-1:housekeeper] WARN  com.zaxxer.hikari.pool.HikariPool - HikariPool-1 - Thread starvation or clock leap detected (housekeeper delta=10m30s353ms).
2026-05-12 04:16:45.167 [HikariPool-1:housekeeper] WARN  com.zaxxer.hikari.pool.HikariPool - HikariPool-1 - Thread starvation or clock leap detected (housekeeper delta=10m33s609ms).
2026-05-12 04:47:36.214 [HikariPool-1:housekeeper] WARN  com.zaxxer.hikari.pool.HikariPool - HikariPool-1 - Thread starvation or clock leap detected (housekeeper delta=30m51s48ms).
2026-05-12 04:55:52.851 [HikariPool-1:housekeeper] WARN  com.zaxxer.hikari.pool.HikariPool - HikariPool-1 - Thread starvation or clock leap detected (housekeeper delta=8m16s638ms).
2026-05-12 05:41:31.198 [HikariPool-1:housekeeper] WARN  com.zaxxer.hikari.pool.HikariPool - HikariPool-1 - Thread starvation or clock leap detected (housekeeper delta=45m38s345ms).
2026-05-12 06:37:01.742 [HikariPool-1:housekeeper] WARN  com.zaxxer.hikari.pool.HikariPool - HikariPool-1 - Thread starvation or clock leap detected (housekeeper delta=55m30s540ms).
2026-05-12 07:23:00.630 [HikariPool-1:housekeeper] WARN  com.zaxxer.hikari.pool.HikariPool - HikariPool-1 - Thread starvation or clock leap detected (housekeeper delta=45m58s893ms).
2026-05-12 07:58:39.530 [HikariPool-1:housekeeper] WARN  com.zaxxer.hikari.pool.HikariPool - HikariPool-1 - Thread starvation or clock leap detected (housekeeper delta=35m38s898ms).
2026-05-12 08:49:09.481 [HikariPool-1:housekeeper] WARN  com.zaxxer.hikari.pool.HikariPool - HikariPool-1 - Thread starvation or clock leap detected (housekeeper delta=50m29s952ms).
2026-05-12 09:30:33.275 [HikariPool-1:housekeeper] WARN  com.zaxxer.hikari.pool.HikariPool - HikariPool-1 - Thread starvation or clock leap detected (housekeeper delta=41m23s796ms).
2026-05-12 10:10:48.273 [HikariPool-1:housekeeper] WARN  com.zaxxer.hikari.pool.HikariPool - HikariPool-1 - Thread starvation or clock leap detected (housekeeper delta=40m14s996ms).
2026-05-12 10:14:48.185 [HikariPool-1:housekeeper] WARN  com.zaxxer.hikari.pool.HikariPool - HikariPool-1 - Thread starvation or clock leap detected (housekeeper delta=3m59s913ms).
2026-05-12 10:47:08.245 [HikariPool-1:housekeeper] WARN  com.zaxxer.hikari.pool.HikariPool - HikariPool-1 - Thread starvation or clock leap detected (housekeeper delta=12m19s920ms).
2026-05-12 11:02:39.747 [HikariPool-1:housekeeper] WARN  com.zaxxer.hikari.pool.HikariPool - HikariPool-1 - Thread starvation or clock leap detected (housekeeper delta=15m31s502ms).
2026-05-12 11:19:18.894 [HikariPool-1:housekeeper] WARN  com.zaxxer.hikari.pool.HikariPool - HikariPool-1 - Thread starvation or clock leap detected (housekeeper delta=16m39s146ms).
2026-05-12 11:21:28.150 [HikariPool-1:housekeeper] WARN  com.zaxxer.hikari.pool.HikariPool - HikariPool-1 - Thread starvation or clock leap detected (housekeeper delta=2m9s257ms).
2026-05-12 11:38:31.272 [HikariPool-1:housekeeper] WARN  com.zaxxer.hikari.pool.HikariPool - HikariPool-1 - Thread starvation or clock leap detected (housekeeper delta=17m3s122ms).
2026-05-12 11:54:40.904 [HikariPool-1:housekeeper] WARN  com.zaxxer.hikari.pool.HikariPool - HikariPool-1 - Thread starvation or clock leap detected (housekeeper delta=16m9s633ms).
2026-05-12 12:50:22.902 [HikariPool-1:housekeeper] WARN  com.zaxxer.hikari.pool.HikariPool - HikariPool-1 - Thread starvation or clock leap detected (housekeeper delta=55m41s997ms).
2026-05-12 12:51:55.112 [HikariPool-1:housekeeper] WARN  com.zaxxer.hikari.pool.HikariPool - HikariPool-1 - Thread starvation or clock leap detected (housekeeper delta=1m32s210ms).
2026-05-12 13:00:29.876 [http-nio-8080-exec-10] WARN  com.equity.watchlist.security.JwtAuthFilter - JWT validation failed: JWT expired 74026875 milliseconds ago at 2026-05-11T10:56:43.000Z. Current time: 2026-05-12T07:30:29.875Z. Allowed clock skew: 0 milliseconds.
2026-05-12 13:00:29.876 [http-nio-8080-exec-6] WARN  com.equity.watchlist.security.JwtAuthFilter - JWT validation failed: JWT expired 74026875 milliseconds ago at 2026-05-11T10:56:43.000Z. Current time: 2026-05-12T07:30:29.875Z. Allowed clock skew: 0 milliseconds.
2026-05-12 13:00:29.884 [http-nio-8080-exec-6] INFO  com.equity.watchlist.controller.CompanyController - GET /api/v1/company/list — fetching active company list
2026-05-12 13:00:32.932 [http-nio-8080-exec-9] INFO  com.equity.watchlist.controller.ProxyController - Proxying news request: GET /api/news
2026-05-12 13:00:32.932 [http-nio-8080-exec-5] INFO  com.equity.watchlist.controller.ProxyController - Proxying news request: GET /api/news
2026-05-12 13:00:32.930 [http-nio-8080-exec-8] INFO  com.equity.watchlist.controller.ProxyController - Proxying global-watchlist request: GET /api/global-watchlist/global-indices
2026-05-12 13:00:32.930 [http-nio-8080-exec-7] INFO  com.equity.watchlist.controller.ProxyController - Proxying news request: GET /api/news
2026-05-12 13:00:32.934 [http-nio-8080-exec-2] INFO  com.equity.watchlist.controller.ProxyController - Proxying news request: GET /api/news
2026-05-12 13:00:32.935 [http-nio-8080-exec-4] INFO  com.equity.watchlist.controller.ProxyController - Proxying news request: GET /api/news
2026-05-12 13:00:33.125 [http-nio-8080-exec-10] INFO  com.equity.watchlist.controller.ProxyController - Proxying news request: GET /api/news
2026-05-12 13:00:33.134 [http-nio-8080-exec-6] INFO  com.equity.watchlist.controller.ProxyController - Proxying news request: GET /api/news
2026-05-12 13:00:34.472 [http-nio-8080-exec-3] INFO  com.equity.watchlist.controller.ProxyController - Proxying news request: GET /api/news
2026-05-12 13:00:34.472 [http-nio-8080-exec-1] INFO  com.equity.watchlist.controller.ProxyController - Proxying global-watchlist request: GET /api/global-watchlist/domestic-indices
2026-05-12 13:00:34.473 [http-nio-8080-exec-5] INFO  com.equity.watchlist.controller.ProxyController - Proxying events request: GET /api/events
2026-05-12 13:00:34.475 [http-nio-8080-exec-10] INFO  com.equity.watchlist.controller.ProxyController - Proxying global-watchlist request: GET /api/global-watchlist/sector-indices
2026-05-12 13:00:37.917 [http-nio-8080-exec-8] INFO  com.equity.watchlist.controller.ProxyController - Proxying news request: GET /api/news
2026-05-12 13:00:37.918 [http-nio-8080-exec-6] INFO  com.equity.watchlist.controller.ProxyController - Proxying events request: GET /api/events
2026-05-12 13:00:39.100 [http-nio-8080-exec-4] WARN  com.equity.watchlist.security.JwtAuthFilter - JWT validation failed: JWT expired 74036093 milliseconds ago at 2026-05-11T10:56:43.000Z. Current time: 2026-05-12T07:30:39.093Z. Allowed clock skew: 0 milliseconds.
2026-05-12 13:14:27.761 [http-nio-8080-exec-8] INFO  com.equity.watchlist.controller.ProxyController - Proxying auth request: POST /api/auth/logout
2026-05-12 13:14:33.278 [http-nio-8080-exec-6] INFO  com.equity.watchlist.controller.ProxyController - Proxying auth request: POST /api/auth/login
2026-05-12 13:14:34.494 [http-nio-8080-exec-4] INFO  com.equity.watchlist.controller.WatchlistController - GET /api/v1/watchlist — fetching all entries for userId=1, watchlistId=null
2026-05-12 13:15:17.499 [http-nio-8080-exec-2] INFO  com.equity.watchlist.controller.ProxyController - Proxying fast-movers request: GET /api/fast-movers
2026-05-12 13:15:18.387 [http-nio-8080-exec-9] INFO  com.equity.watchlist.controller.ProxyController - Proxying events request: GET /api/events
2026-05-12 13:15:18.387 [http-nio-8080-exec-7] INFO  com.equity.watchlist.controller.ProxyController - Proxying global-watchlist request: GET /api/global-watchlist/domestic-indices
2026-05-12 13:15:18.388 [http-nio-8080-exec-1] INFO  com.equity.watchlist.controller.ProxyController - Proxying news request: GET /api/news
2026-05-12 13:15:18.388 [http-nio-8080-exec-3] INFO  com.equity.watchlist.controller.ProxyController - Proxying global-watchlist request: GET /api/global-watchlist/sector-indices
2026-05-12 13:15:32.504 [http-nio-8080-exec-10] INFO  com.equity.watchlist.controller.ProxyController - Proxying global-watchlist request: GET /api/global-watchlist/domestic-indices/NIFTY%2050/companies
2026-05-12 13:17:02.689 [http-nio-8080-exec-2] INFO  com.equity.watchlist.controller.ProxyController - Proxying fast-movers request: GET /api/fast-movers
2026-05-12 13:17:03.497 [http-nio-8080-exec-7] INFO  com.equity.watchlist.controller.ProxyController - Proxying fast-movers request: GET /api/fast-movers
2026-05-12 13:17:04.548 [http-nio-8080-exec-3] INFO  com.equity.watchlist.controller.ProxyController - Proxying fast-movers request: GET /api/fast-movers
2026-05-12 13:17:05.147 [http-nio-8080-exec-1] INFO  com.equity.watchlist.controller.ProxyController - Proxying fast-movers request: GET /api/fast-movers
2026-05-12 13:17:08.369 [http-nio-8080-exec-10] INFO  com.equity.watchlist.controller.ProxyController - Proxying events request: GET /api/events
2026-05-12 13:17:08.369 [http-nio-8080-exec-9] INFO  com.equity.watchlist.controller.ProxyController - Proxying news request: GET /api/news
2026-05-12 13:17:13.197 [http-nio-8080-exec-5] INFO  com.equity.watchlist.controller.ProxyController - Proxying global-watchlist request: GET /api/global-watchlist/domestic-indices
2026-05-12 13:17:13.202 [http-nio-8080-exec-8] INFO  com.equity.watchlist.controller.ProxyController - Proxying events request: GET /api/events
2026-05-12 13:17:13.202 [http-nio-8080-exec-4] INFO  com.equity.watchlist.controller.ProxyController - Proxying global-watchlist request: GET /api/global-watchlist/sector-indices
2026-05-12 13:17:13.203 [http-nio-8080-exec-6] INFO  com.equity.watchlist.controller.ProxyController - Proxying news request: GET /api/news
2026-05-12 13:18:11.625 [http-nio-8080-exec-2] INFO  com.equity.watchlist.controller.ProxyController - Proxying news request: GET /api/news
2026-05-12 13:18:11.625 [http-nio-8080-exec-7] INFO  com.equity.watchlist.controller.ProxyController - Proxying events request: GET /api/events
2026-05-12 13:18:13.047 [http-nio-8080-exec-1] INFO  com.equity.watchlist.controller.ProxyController - Proxying events request: GET /api/events
2026-05-12 13:18:13.048 [http-nio-8080-exec-3] INFO  com.equity.watchlist.controller.ProxyController - Proxying news request: GET /api/news
2026-05-12 13:18:14.247 [http-nio-8080-exec-10] INFO  com.equity.watchlist.controller.ProxyController - Proxying news request: GET /api/news
2026-05-12 13:18:14.248 [http-nio-8080-exec-4] INFO  com.equity.watchlist.controller.ProxyController - Proxying events request: GET /api/events
